Component: ARM Compiler 5.05 update 1 (build 106) Tool: armlink [4d0efa]

==============================================================================

Section Cross References

    main.o(i.GPS_INIT) refers to gps.o(i.Ublox_Cfg_Rate) for Ublox_Cfg_Rate
    main.o(i.GPS_INIT) refers to printfa.o(i.__0printf) for __2printf
    main.o(i.GPS_INIT) refers to usart1.o(i.USART1_Init) for USART1_Init
    main.o(i.GPS_INIT) refers to gps.o(i.Ublox_Cfg_Prt) for Ublox_Cfg_Prt
    main.o(i.GPS_INIT) refers to gps.o(i.Ublox_Cfg_Tp) for Ublox_Cfg_Tp
    main.o(i.GPS_INIT) refers to gps.o(i.Ublox_Cfg_Cfg_Save) for Ublox_Cfg_Cfg_Save
    main.o(i.GPS_INIT) refers to delay.o(i.delay_ms) for delay_ms
    main.o(i.GPS_SHUJU) refers to gps.o(i.GPS_Analysis) for GPS_Analysis
    main.o(i.GPS_SHUJU) refers to main.o(i.Gps_Msg_Show) for Gps_Msg_Show
    main.o(i.GPS_SHUJU) refers to usart1.o(.data) for USART1_RX_STA
    main.o(i.GPS_SHUJU) refers to usart1.o(.bss) for USART1_RX_BUF
    main.o(i.GPS_SHUJU) refers to main.o(.bss) for TEMP_BUF
    main.o(i.Gps_Msg_Show) refers to printfa.o(i.__0printf) for __2printf
    main.o(i.Gps_Msg_Show) refers to ffltui.o(.text) for __aeabi_ui2f
    main.o(i.Gps_Msg_Show) refers to fdiv.o(.text) for __aeabi_fdiv
    main.o(i.Gps_Msg_Show) refers to f2d.o(.text) for __aeabi_f2d
    main.o(i.Gps_Msg_Show) refers to printfa.o(i.__0sprintf) for __2sprintf
    main.o(i.Gps_Msg_Show) refers to fflti.o(.text) for __aeabi_i2f
    main.o(i.Gps_Msg_Show) refers to main.o(.bss) for gpsx
    main.o(i.Gps_Msg_Show) refers to main.o(.data) for fixmode_tbl
    main.o(i.main) refers to delay.o(i.delay_init) for delay_init
    main.o(i.main) refers to usart.o(i.uart2_init) for uart2_init
    main.o(i.main) refers to usart.o(i.uart3_init) for uart3_init
    main.o(i.main) refers to timer.o(i.Timer2_Init) for Timer2_Init
    main.o(i.main) refers to dht11.o(i.DHT11Configuration) for DHT11Configuration
    main.o(i.main) refers to nvic.o(i.NVIC_Config) for NVIC_Config
    main.o(i.main) refers to main.o(i.GPS_INIT) for GPS_INIT
    main.o(i.main) refers to printfa.o(i.__0printf) for __2printf
    main.o(i.main) refers to gprs.o(i.initGPRS) for initGPRS
    main.o(i.main) refers to gprs.o(i.Set_Text_Mode) for Set_Text_Mode
    main.o(i.main) refers to dht11.o(i.DHT11_Read_Data) for DHT11_Read_Data
    main.o(i.main) refers to main.o(i.GPS_SHUJU) for GPS_SHUJU
    main.o(i.main) refers to delay.o(i.delay_ms) for delay_ms
    main.o(i.main) refers to inv_mpu.o(i.mpu_dmp_get_data) for mpu_dmp_get_data
    main.o(i.main) refers to mpu6050.o(i.MPU_Get_Temperature) for MPU_Get_Temperature
    main.o(i.main) refers to fflti.o(.text) for __aeabi_i2f
    main.o(i.main) refers to f2d.o(.text) for __aeabi_f2d
    main.o(i.main) refers to inv_mpu_dmp_motion_driver.o(i.dmp_get_pedometer_step_count) for dmp_get_pedometer_step_count
    main.o(i.main) refers to main.o(.data) for ret
    main.o(i.main) refers to gprs.o(.data) for GPRS_Delay_1S
    main.o(.data) refers to main.o(.conststring) for .conststring
    stm32f10x_it.o(i.TIM2_IRQHandler) refers to stm32f10x_tim.o(i.TIM_GetITStatus) for TIM_GetITStatus
    stm32f10x_it.o(i.TIM2_IRQHandler) refers to stm32f10x_tim.o(i.TIM_ClearITPendingBit) for TIM_ClearITPendingBit
    stm32f10x_it.o(i.TIM2_IRQHandler) refers to stm32f10x_it.o(.data) for count1
    stm32f10x_it.o(i.TIM2_IRQHandler) refers to gprs.o(.data) for GPRS_Delay_1S
    usart.o(i.USART2_IRQHandler) refers to stm32f10x_usart.o(i.USART_GetITStatus) for USART_GetITStatus
    usart.o(i.USART2_IRQHandler) refers to stm32f10x_usart.o(i.USART_ReceiveData) for USART_ReceiveData
    usart.o(i.USART2_IRQHandler) refers to usart.o(.data) for USART2_RX_STA
    usart.o(i.USART2_IRQHandler) refers to usart.o(.bss) for USART2_RX_BUF
    usart.o(i.USART3_IRQHandler) refers to stm32f10x_usart.o(i.USART_GetITStatus) for USART_GetITStatus
    usart.o(i.USART3_IRQHandler) refers to stm32f10x_usart.o(i.USART_ReceiveData) for USART_ReceiveData
    usart.o(i.USART3_IRQHandler) refers to printfa.o(i.__0printf) for __2printf
    usart.o(i.USART3_IRQHandler) refers to usart.o(.data) for i
    usart.o(i.USART3_IRQHandler) refers to gprs.o(.bss) for RXBuffer
    usart.o(i.Usart_SendChar) refers to stm32f10x_usart.o(i.USART_SendData) for USART_SendData
    usart.o(i.Usart_SendChar) refers to stm32f10x_usart.o(i.USART_GetFlagStatus) for USART_GetFlagStatus
    usart.o(i.Usart_SendString) refers to printfa.o(i.__0printf) for __2printf
    usart.o(i.Usart_SendString) refers to usart.o(i.Usart_SendChar) for Usart_SendChar
    usart.o(i.Usart_SendString) refers to stm32f10x_usart.o(i.USART_GetFlagStatus) for USART_GetFlagStatus
    usart.o(i.sendByte) refers to stm32f10x_usart.o(i.USART_ClearFlag) for USART_ClearFlag
    usart.o(i.sendByte) refers to stm32f10x_usart.o(i.USART_SendData) for USART_SendData
    usart.o(i.sendByte) refers to stm32f10x_usart.o(i.USART_GetFlagStatus) for USART_GetFlagStatus
[...]
    Removing stm32f10x_tim.o(i.TIM_TimeBaseStructInit), (18 bytes).
    Removing stm32f10x_tim.o(i.TIM_UpdateDisableConfig), (24 bytes).
    Removing stm32f10x_tim.o(i.TIM_UpdateRequestConfig), (24 bytes).
    Removing stm32f10x_usart.o(i.USART_ClearFlag), (18 bytes).
    Removing stm32f10x_usart.o(i.USART_ClearITPendingBit), (30 bytes).
    Removing stm32f10x_usart.o(i.USART_ClockInit), (34 bytes).
    Removing stm32f10x_usart.o(i.USART_ClockStructInit), (12 bytes).
    Removing stm32f10x_usart.o(i.USART_HalfDuplexCmd), (24 bytes).
    Removing stm32f10x_usart.o(i.USART_IrDACmd), (24 bytes).
    Removing stm32f10x_usart.o(i.USART_IrDAConfig), (18 bytes).
    Removing stm32f10x_usart.o(i.USART_LINBreakDetectLengthConfig), (18 bytes).
    Removing stm32f10x_usart.o(i.USART_LINCmd), (24 bytes).
    Removing stm32f10x_usart.o(i.USART_OneBitMethodCmd), (24 bytes).
    Removing stm32f10x_usart.o(i.USART_OverSampling8Cmd), (22 bytes).
    Removing stm32f10x_usart.o(i.USART_ReceiverWakeUpCmd), (24 bytes).
    Removing stm32f10x_usart.o(i.USART_SendBreak), (10 bytes).
    Removing stm32f10x_usart.o(i.USART_SetAddress), (18 bytes).
    Removing stm32f10x_usart.o(i.USART_SetGuardTime), (16 bytes).
    Removing stm32f10x_usart.o(i.USART_SetPrescaler), (16 bytes).
    Removing stm32f10x_usart.o(i.USART_SmartCardCmd), (24 bytes).
    Removing stm32f10x_usart.o(i.USART_SmartCardNACKCmd), (24 bytes).
    Removing stm32f10x_usart.o(i.USART_StructInit), (24 bytes).
    Removing stm32f10x_usart.o(i.USART_WakeUpConfig), (18 bytes).
    Removing stm32f10x_dma.o(i.DMA_ClearFlag), (28 bytes).
    Removing stm32f10x_dma.o(i.DMA_ClearITPendingBit), (28 bytes).
    Removing stm32f10x_dma.o(i.DMA_GetCurrDataCounter), (8 bytes).
    Removing stm32f10x_dma.o(i.DMA_GetFlagStatus), (44 bytes).
    Removing stm32f10x_dma.o(i.DMA_GetITStatus), (44 bytes).
    Removing stm32f10x_dma.o(i.DMA_ITConfig), (18 bytes).
    Removing stm32f10x_dma.o(i.DMA_StructInit), (26 bytes).
    Removing stm32f10x_exti.o(i.EXTI_ClearFlag), (12 bytes).
    Removing stm32f10x_exti.o(i.EXTI_ClearITPendingBit), (12 bytes).
    Removing stm32f10x_exti.o(i.EXTI_DeInit), (36 bytes).
    Removing stm32f10x_exti.o(i.EXTI_GenerateSWInterrupt), (16 bytes).
    Removing stm32f10x_exti.o(i.EXTI_GetFlagStatus), (24 bytes).
    Removing stm32f10x_exti.o(i.EXTI_GetITStatus), (40 bytes).
    Removing stm32f10x_exti.o(i.EXTI_Init), (148 bytes).
    Removing stm32f10x_exti.o(i.EXTI_StructInit), (16 bytes).
    Removing core_cm3.o(.emb_text), (32 bytes).
    Removing system_stm32f10x.o(i.SystemCoreClockUpdate), (164 bytes).
    Removing startup_stm32f10x_hd.o(HEAP), (512 bytes).
    Removing cfcmple.o(.text), (20 bytes).
    Removing cfrcmple.o(.text), (20 bytes).
    Removing cdcmple.o(.text), (48 bytes).

362 unused section(s) (total 23829 bytes) removed from the image.

==============================================================================

Image Symbol Table

    Local Symbols

    Symbol Name                              Value     Ov Type        Size  Object(Section)

    ../clib/microlib/division.c              0x00000000   Number         0  uidiv.o ABSOLUTE
    ../clib/microlib/division.c              0x00000000   Number         0  uldiv.o ABSOLUTE
    ../clib/microlib/division.c              0x00000000   Number         0  ldiv.o ABSOLUTE
    ../clib/microlib/errno.c                 0x00000000   Number         0  errno.o ABSOLUTE
    ../clib/microlib/init/entry.s            0x00000000   Number         0  entry7a.o ABSOLUTE
    ../clib/microlib/init/entry.s            0x00000000   Number         0  entry11b.o ABSOLUTE
    ../clib/microlib/init/entry.s            0x00000000   Number         0  entry5.o ABSOLUTE
    ../clib/microlib/init/entry.s            0x00000000   Number         0  entry9b.o ABSOLUTE
    ../clib/microlib/init/entry.s            0x00000000   Number         0  entry2.o ABSOLUTE
    ../clib/microlib/init/entry.s            0x00000000   Number         0  entry7b.o ABSOLUTE
    ../clib/microlib/init/entry.s            0x00000000   Number         0  entry8a.o ABSOLUTE
    ../clib/microlib/init/entry.s            0x00000000   Number         0  entry8b.o ABSOLUTE
    ../clib/microlib/init/entry.s            0x00000000   Number         0  entry9a.o ABSOLUTE
    ../clib/microlib/init/entry.s            0x00000000   Number         0  entry.o ABSOLUTE
    ../clib/microlib/init/entry.s            0x00000000   Number         0  entry10a.o ABSOLUTE
    ../clib/microlib/init/entry.s            0x00000000   Number         0  entry10b.o ABSOLUTE
    ../clib/microlib/init/entry.s            0x00000000   Number         0  entry11a.o ABSOLUTE
    ../clib/microlib/longlong.c              0x00000000   Number         0  llsshr.o ABSOLUTE
    ../clib/microlib/longlong.c              0x00000000   Number         0  llshl.o ABSOLUTE
    ../clib/microlib/longlong.c              0x00000000   Number         0  llushr.o ABSOLUTE
    ../clib/microlib/printf/printf.c         0x00000000   Number         0  printf5.o ABSOLUTE
    ../clib/microlib/printf/printf.c         0x00000000   Number         0  printf0.o ABSOLUTE
    ../clib/microlib/printf/printf.c         0x00000000   Number         0  printf6.o ABSOLUTE
    ../clib/microlib/printf/printf.c         0x00000000   Number         0  printf7.o ABSOLUTE
    ../clib/microlib/printf/printf.c         0x00000000   Number         0  printf8.o ABSOLUTE
    ../clib/microlib/printf/printf.c         0x00000000   Number         0  printfa.o ABSOLUTE
    ../clib/microlib/printf/printf.c         0x00000000   Number         0  printf1.o ABSOLUTE
    ../clib/microlib/printf/printf.c         0x00000000   Number         0  printfb.o ABSOLUTE
    ../clib/microlib/printf/printf.c         0x00000000   Number         0  printf2.o ABSOLUTE
    ../clib/microlib/printf/printf.c         0x00000000   Number         0  printf3.o ABSOLUTE
    ../clib/microlib/printf/printf.c         0x00000000   Number         0  printf4.o ABSOLUTE
    ../clib/microlib/printf/stubs.s          0x00000000   Number         0  stubs.o ABSOLUTE
    ../clib/microlib/string/memcmp.c         0x00000000   Number         0  memcmp.o ABSOLUTE
    ../clib/microlib/string/memset.c         0x00000000   Number         0  memseta.o ABSOLUTE
    ../clib/microlib/string/strlen.c         0x00000000   Number         0  strlen.o ABSOLUTE
    ../clib/microlib/string/strstr.c         0x00000000   Number         0  strstr.o ABSOLUTE
    ../clib/microlib/stubs.s                 0x00000000   Number         0  useno.o ABSOLUTE
    ../clib/microlib/stubs.s                 0x00000000   Number         0  iusefp.o ABSOLUTE
    ../fplib/microlib/d2f.c                  0x00000000   Number         0  d2f.o ABSOLUTE
    ../fplib/microlib/f2d.c                  0x00000000   Number         0  f2d.o ABSOLUTE
    ../fplib/microlib/fpadd.c                0x00000000   Number         0  dadd.o ABSOLUTE
    ../fplib/microlib/fpadd.c                0x00000000   Number         0  fadd.o ABSOLUTE
    ../fplib/microlib/fpdiv.c                0x00000000   Number         0  ddiv.o ABSOLUTE
    ../fplib/microlib/fpdiv.c                0x00000000   Number         0  fdiv.o ABSOLUTE
    ../fplib/microlib/fpepilogue.c           0x00000000   Number         0  fepilogue.o ABSOLUTE
    ../fplib/microlib/fpepilogue.c           0x00000000   Number         0  depilogue.o ABSOLUTE
    ../fplib/microlib/fpfix.c                0x00000000   Number         0  ffixi.o ABSOLUTE
    ../fplib/microlib/fpfix.c                0x00000000   Number         0  ffixui.o ABSOLUTE
    ../fplib/microlib/fpfix.c                0x00000000   Number         0  dfixul.o ABSOLUTE
    ../fplib/microlib/fpflt.c                0x00000000   Number         0  fflti.o ABSOLUTE
    ../fplib/microlib/fpflt.c                0x00000000   Number         0  ffltui.o ABSOLUTE
    ../fplib/microlib/fpflt.c                0x00000000   Number         0  dflti.o ABSOLUTE
    ../fplib/microlib/fpmul.c                0x00000000   Number         0  fmul.o ABSOLUTE
    ../fplib/microlib/fpmul.c                0x00000000   Number         0  dmul.o ABSOLUTE
    ../fplib/microlib/fpscalb.c              0x00000000   Number         0  dscalb.o ABSOLUTE
    ../fplib/microlib/fpsqrt.c               0x00000000   Number         0  dsqrt.o ABSOLUTE
    ../mathlib/asin.c                        0x00000000   Number         0  asin_x.o ABSOLUTE
    ../mathlib/asin.c                        0x00000000   Number         0  asin.o ABSOLUTE
    ../mathlib/atan.c                        0x00000000   Number         0  atan.o ABSOLUTE
    ../mathlib/atan.c                        0x00000000   Number         0  atan_x.o ABSOLUTE
    ../mathlib/atan2.c                       0x00000000   Number         0  atan2_x.o ABSOLUTE
    ../mathlib/atan2.c                       0x00000000   Number         0  atan2.o ABSOLUTE
    ../mathlib/dunder.c                      0x00000000   Number         0  dunder.o ABSOLUTE
    ../mathlib/fpclassify.c                  0x00000000   Number         0  fpclassify.o ABSOLUTE
    ../mathlib/poly.c                        0x00000000   Number         0  poly.o ABSOLUTE
    ../mathlib/qnan.c                        0x00000000   Number         0  qnan.o ABSOLUTE
    ../mathlib/sqrt.c                        0x00000000   Number         0  sqrt.o ABSOLUTE
    ../mathlib/sqrt.c                        0x00000000   Number         0  sqrt_x.o ABSOLUTE
    ..\Libraries\CMSIS\CM3\CoreSupport\core_cm3.c 0x00000000   Number         0  core_cm3.o ABSOLUTE
    ..\Libraries\CMSIS\CM3\DeviceSupport\ST\STM32F10x\startup\arm\startup_stm32f10x_hd.s 0x00000000   Number         0  startup_stm32f10x_hd.o ABSOLUTE
    ..\Libraries\CMSIS\CM3\DeviceSupport\ST\STM32F10x\system_stm32f10x.c 0x00000000   Number         0  system_stm32f10x.o ABSOLUTE
    ..\Libraries\STM32F10x_StdPeriph_Driver\src\misc.c 0x00000000   Number         0  misc.o ABSOLUTE
    ..\Libraries\STM32F10x_StdPeriph_Driver\src\stm32f10x_adc.c 0x00000000   Number         0  stm32f10x_adc.o ABSOLUTE
    ..\Libraries\STM32F10x_StdPeriph_Driver\src\stm32f10x_crc.c 0x00000000   Number         0  stm32f10x_crc.o ABSOLUTE
    ..\Libraries\STM32F10x_StdPeriph_Driver\src\stm32f10x_dma.c 0x00000000   Number         0  stm32f10x_dma.o ABSOLUTE
    ..\Libraries\STM32F10x_StdPeriph_Driver\src\stm32f10x_exti.c 0x00000000   Number         0  stm32f10x_exti.o ABSOLUTE
    ..\Libraries\STM32F10x_StdPeriph_Driver\src\stm32f10x_gpio.c 0x00000000   Number         0  stm32f10x_gpio.o ABSOLUTE
    ..\Libraries\STM32F10x_StdPeriph_Driver\src\stm32f10x_pwr.c 0x00000000   Number         0  stm32f10x_pwr.o ABSOLUTE
    ..\Libraries\STM32F10x_StdPeriph_Driver\src\stm32f10x_rcc.c 0x00000000   Number         0  stm32f10x_rcc.o ABSOLUTE
    ..\Libraries\STM32F10x_StdPeriph_Driver\src\stm32f10x_rtc.c 0x00000000   Number         0  stm32f10x_rtc.o ABSOLUTE
    ..\Libraries\STM32F10x_StdPeriph_Driver\src\stm32f10x_sdio.c 0x00000000   Number         0  stm32f10x_sdio.o ABSOLUTE
    ..\Libraries\STM32F10x_StdPeriph_Driver\src\stm32f10x_tim.c 0x00000000   Number         0  stm32f10x_tim.o ABSOLUTE
    ..\Libraries\STM32F10x_StdPeriph_Driver\src\stm32f10x_usart.c 0x00000000   Number         0  stm32f10x_usart.o ABSOLUTE
    ..\MPU6050\dmp_int_read.c                0x00000000   Number         0  dmp_int_read.o ABSOLUTE
    ..\MPU6050\eMPL\inv_mpu.c                0x00000000   Number         0  inv_mpu.o ABSOLUTE
    ..\MPU6050\eMPL\inv_mpu_dmp_motion_driver.c 0x00000000   Number         0  inv_mpu_dmp_motion_driver.o ABSOLUTE
    ..\MPU6050\mpu6050.c                     0x00000000   Number         0  mpu6050.o ABSOLUTE
    ..\MPU6050\mpuiic.c                      0x00000000   Number         0  mpuiic.o ABSOLUTE
    ..\MPU6050\sys.c                         0x00000000   Number         0  sys.o ABSOLUTE
    ..\Sre\delay.c                           0x00000000   Number         0  delay.o ABSOLUTE
    ..\Sre\dht11.c                           0x00000000   Number         0  dht11.o ABSOLUTE
    ..\Sre\gprs.c                            0x00000000   Number         0  gprs.o ABSOLUTE
    ..\Sre\gps.c                             0x00000000   Number         0  gps.o ABSOLUTE
    ..\Sre\led.c                             0x00000000   Number         0  led.o ABSOLUTE
    ..\Sre\main.c                            0x00000000   Number         0  main.o ABSOLUTE
    ..\Sre\nvic.c                            0x00000000   Number         0  nvic.o ABSOLUTE
    ..\Sre\stm32f10x_it.c                    0x00000000   Number         0  stm32f10x_it.o ABSOLUTE
    ..\Sre\timer.c                           0x00000000   Number         0  timer.o ABSOLUTE
    ..\Sre\usart.c                           0x00000000   Number         0  usart.o ABSOLUTE
    ..\Sre\usart1.c                          0x00000000   Number         0  usart1.o ABSOLUTE
    ..\\Libraries\\CMSIS\\CM3\\CoreSupport\\core_cm3.c 0x00000000   Number         0  core_cm3.o ABSOLUTE
    ..\\MPU6050\\sys.c                       0x00000000   Number         0  sys.o ABSOLUTE
    cdcmple.s                                0x00000000   Number         0  cdcmple.o ABSOLUTE
    cdrcmple.s                               0x00000000   Number         0  cdrcmple.o ABSOLUTE
    cfcmple.s                                0x00000000   Number         0  cfcmple.o ABSOLUTE
    cfrcmple.s                               0x00000000   Number         0  cfrcmple.o ABSOLUTE
    dc.s                                     0x00000000   Number         0  dc.o ABSOLUTE
    handlers.s                               0x00000000   Number         0  handlers.o ABSOLUTE
    init.s                                   0x00000000   Number         0  init.o ABSOLUTE
    RESET                                    0x08000000   Section      304  startup_stm32f10x_hd.o(RESET)
    .ARM.Collect$$$$00000000                 0x08000130   Section        0  entry.o(.ARM.Collect$$$$00000000)
    .ARM.Collect$$$$00000001                 0x08000130   Section        4  entry2.o(.ARM.Collect$$$$00000001)
    .ARM.Collect$$$$00000004                 0x08000134   Section        4  entry5.o(.ARM.Collect$$$$00000004)
    .ARM.Collect$$$$00000008                 0x08000138   Section        0  entry7b.o(.ARM.Collect$$$$00000008)
    .ARM.Collect$$$$0000000A                 0x08000138   Section        0  entry8b.o(.ARM.Collect$$$$0000000A)
    .ARM.Collect$$$$0000000B                 0x08000138   Section        8  entry9a.o(.ARM.Collect$$$$0000000B)
    .ARM.Collect$$$$0000000D                 0x08000140   Section        0  entry10a.o(.ARM.Collect$$$$0000000D)
    .ARM.Collect$$$$0000000F                 0x08000140   Section        0  entry11a.o(.ARM.Collect$$$$0000000F)
    .ARM.Collect$$$$00002712                 0x08000140   Section        4  entry2.o(.ARM.Collect$$$$00002712)
    __lit__00000000                          0x08000140   Data           4  entry2.o(.ARM.Collect$$$$00002712)
    .text                                    0x08000144   Section       36  startup_stm32f10x_hd.o(.text)
    .text                                    0x08000168   Section        0  memseta.o(.text)
    .text                                    0x0800018c   Section        0  strstr.o(.text)
    .text                                    0x080001b0   Section        0  fadd.o(.text)
    .text                                    0x08000260   Section        0  fmul.o(.text)
    .text                                    0x080002c4   Section        0  fdiv.o(.text)
    .text                                    0x08000340   Section        0  dadd.o(.text)
    .text                                    0x0800048e   Section        0  dmul.o(.text)
    .text                                    0x08000572   Section        0  ddiv.o(.text)
    .text                                    0x08000650   Section        0  fflti.o(.text)
    .text                                    0x08000662   Section        0  ffltui.o(.text)
    .text                                    0x0800066c   Section        0  dflti.o(.text)
    .text                                    0x0800068e   Section        0  ffixi.o(.text)
    .text                                    0x080006c0   Section        0  ffixui.o(.text)
    .text                                    0x080006e8   Section        0  f2d.o(.text)
    .text                                    0x0800070e   Section        0  d2f.o(.text)
    .text                                    0x08000746   Section        0  uidiv.o(.text)
    .text                                    0x08000772   Section        0  uldiv.o(.text)
    .text                                    0x080007d4   Section        0  llshl.o(.text)
    .text                                    0x080007f2   Section        0  llsshr.o(.text)
    .text                                    0x08000816   Section        0  iusefp.o(.text)
    .text                                    0x08000816   Section        0  fepilogue.o(.text)
    .text                                    0x08000884   Section        0  depilogue.o(.text)
    .text                                    0x0800093e   Section        0  dscalb.o(.text)
    .text                                    0x0800096c   Section        0  dfixul.o(.text)
    .text                                    0x0800099c   Section       48  cdrcmple.o(.text)
    .text                                    0x080009cc   Section       36  init.o(.text)
    .text                                    0x080009f0   Section        0  llushr.o(.text)
    .text                                    0x08000a10   Section        0  dsqrt.o(.text)
    i.DHT11Configuration                     0x08000ab4   Section        0  dht11.o(i.DHT11Configuration)
    i.DHT11_IsOnline                         0x08000aec   Section        0  dht11.o(i.DHT11_IsOnline)
    i.DHT11_ReadBit                          0x08000b50   Section        0  dht11.o(i.DHT11_ReadBit)
    i.DHT11_ReadByte                         0x08000b9c   Section        0  dht11.o(i.DHT11_ReadByte)
    i.DHT11_Read_Data                        0x08000bba   Section        0  dht11.o(i.DHT11_Read_Data)
    i.DHT11_Reset                            0x08000c14   Section        0  dht11.o(i.DHT11_Reset)
    i.DMA_Cmd                                0x08000c54   Section        0  stm32f10x_dma.o(i.DMA_Cmd)
    i.DMA_DeInit                             0x08000c6c   Section        0  stm32f10x_dma.o(i.DMA_DeInit)
    i.DMA_Init                               0x08000db8   Section        0  stm32f10x_dma.o(i.DMA_Init)
    i.DMA_SetCurrDataCounter                 0x08000df4   Section        0  stm32f10x_dma.o(i.DMA_SetCurrDataCounter)
    i.GPIO_Init                              0x08000df8   Section        0  stm32f10x_gpio.o(i.GPIO_Init)
    i.GPS_Analysis                           0x08000f0e   Section        0  gps.o(i.GPS_Analysis)
    i.GPS_INIT                               0x08000f40   Section        0  main.o(i.GPS_INIT)
    i.GPS_SHUJU                              0x08000fd4   Section        0  main.o(i.GPS_SHUJU)
    i.Gps_Msg_Show                           0x08001028   Section        0  main.o(i.Gps_Msg_Show)
    i.MPU_Get_Temperature                    0x080012c0   Section        0  mpu6050.o(i.MPU_Get_Temperature)
    i.MPU_IIC_Ack                            0x08001328   Section        0  mpuiic.o(i.MPU_IIC_Ack)
    i.MPU_IIC_Delay                          0x08001374   Section        0  mpuiic.o(i.MPU_IIC_Delay)
    i.MPU_IIC_NAck                           0x08001380   Section        0  mpuiic.o(i.MPU_IIC_NAck)
    i.MPU_IIC_Read_Byte                      0x080013cc   Section        0  mpuiic.o(i.MPU_IIC_Read_Byte)
    i.MPU_IIC_Send_Byte                      0x08001438   Section        0  mpuiic.o(i.MPU_IIC_Send_Byte)
    i.MPU_IIC_Start                          0x08001494   Section        0  mpuiic.o(i.MPU_IIC_Start)
    i.MPU_IIC_Stop                           0x080014dc   Section        0  mpuiic.o(i.MPU_IIC_Stop)
    i.MPU_IIC_Wait_Ack                       0x08001524   Section        0  mpuiic.o(i.MPU_IIC_Wait_Ack)
    i.MPU_Read_Len                           0x08001588   Section        0  mpu6050.o(i.MPU_Read_Len)
    i.MPU_Write_Len                          0x080015fc   Section        0  mpu6050.o(i.MPU_Write_Len)
    i.NMEA_Comma_Pos                         0x0800165c   Section        0  gps.o(i.NMEA_Comma_Pos)
    i.NMEA_GPGGA_Analysis                    0x08001690   Section        0  gps.o(i.NMEA_GPGGA_Analysis)
    i.NMEA_GPGSA_Analysis                    0x080016f8   Section        0  gps.o(i.NMEA_GPGSA_Analysis)
    i.NMEA_GPGSV_Analysis                    0x080017b0   Section        0  gps.o(i.NMEA_GPGSV_Analysis)
    i.NMEA_GPRMC_Analysis                    0x080018dc   Section        0  gps.o(i.NMEA_GPRMC_Analysis)
    i.NMEA_GPVTG_Analysis                    0x08001afc   Section        0  gps.o(i.NMEA_GPVTG_Analysis)
    i.NMEA_Pow                               0x08001b54   Section        0  gps.o(i.NMEA_Pow)
    i.NMEA_Str2num                           0x08001b6a   Section        0  gps.o(i.NMEA_Str2num)
    i.NVIC_Config                            0x08001c54   Section        0  nvic.o(i.NVIC_Config)
    i.NVIC_Init                              0x08001cb8   Section        0  misc.o(i.NVIC_Init)
    i.NVIC_PriorityGroupConfig               0x08001d28   Section        0  misc.o(i.NVIC_PriorityGroupConfig)
    i.RCC_AHBPeriphClockCmd                  0x08001d3c   Section        0  stm32f10x_rcc.o(i.RCC_AHBPeriphClockCmd)
    i.RCC_APB1PeriphClockCmd                 0x08001d5c   Section        0  stm32f10x_rcc.o(i.RCC_APB1PeriphClockCmd)
    i.RCC_APB1PeriphResetCmd                 0x08001d7c   Section        0  stm32f10x_rcc.o(i.RCC_APB1PeriphResetCmd)
    i.RCC_APB2PeriphClockCmd                 0x08001d9c   Section        0  stm32f10x_rcc.o(i.RCC_APB2PeriphClockCmd)
    i.RCC_APB2PeriphResetCmd                 0x08001dbc   Section        0  stm32f10x_rcc.o(i.RCC_APB2PeriphResetCmd)
    i.RCC_GetClocksFreq                      0x08001ddc   Section        0  stm32f10x_rcc.o(i.RCC_GetClocksFreq)
    i.SetSysClock                            0x08001eb0   Section        0  system_stm32f10x.o(i.SetSysClock)
    SetSysClock                              0x08001eb1   Thumb Code     8  system_stm32f10x.o(i.SetSysClock)
    i.SetSysClockTo72                        0x08001eb8   Section        0  system_stm32f10x.o(i.SetSysClockTo72)
    SetSysClockTo72                          0x08001eb9   Thumb Code   214  system_stm32f10x.o(i.SetSysClockTo72)
    i.Set_Text_Mode                          0x08001f98   Section        0  gprs.o(i.Set_Text_Mode)
    i.SysTick_CLKSourceConfig                0x08002130   Section        0  misc.o(i.SysTick_CLKSourceConfig)
    i.SystemInit                             0x08002158   Section        0  system_stm32f10x.o(i.SystemInit)
    i.TIM2_IRQHandler                        0x080021b8   Section        0  stm32f10x_it.o(i.TIM2_IRQHandler)
    i.TIM4_IRQHandler                        0x0800223c   Section        0  usart1.o(i.TIM4_IRQHandler)
    i.TIM4_Init                              0x0800226c   Section        0  usart1.o(i.TIM4_Init)
    i.TIM4_Set                               0x080022c4   Section        0  usart1.o(i.TIM4_Set)
    i.TIM_ClearITPendingBit                  0x080022ec   Section        0  stm32f10x_tim.o(i.TIM_ClearITPendingBit)
    i.TIM_Cmd                                0x080022f2   Section        0  stm32f10x_tim.o(i.TIM_Cmd)
    i.TIM_GetITStatus                        0x0800230a   Section        0  stm32f10x_tim.o(i.TIM_GetITStatus)
    i.TIM_ITConfig                           0x0800232c   Section        0  stm32f10x_tim.o(i.TIM_ITConfig)
    i.TIM_SetCounter                         0x0800233e   Section        0  stm32f10x_tim.o(i.TIM_SetCounter)
    i.TIM_TimeBaseInit                       0x08002344   Section        0  stm32f10x_tim.o(i.TIM_TimeBaseInit)
    i.Timer2_Init                            0x080023e8   Section        0  timer.o(i.Timer2_Init)
    i.UART_DMA_Config                        0x0800242e   Section        0  usart1.o(i.UART_DMA_Config)
    i.UART_DMA_Enable                        0x08002476   Section        0  usart1.o(i.UART_DMA_Enable)
    i.USART1_IRQHandler                      0x08002498   Section        0  usart1.o(i.USART1_IRQHandler)
    i.USART1_Init                            0x080024fc   Section        0  usart1.o(i.USART1_Init)
    i.USART2_IRQHandler                      0x080025e0   Section        0  usart.o(i.USART2_IRQHandler)
    i.USART3_IRQHandler                      0x08002668   Section        0  usart.o(i.USART3_IRQHandler)
    i.USART_Cmd                              0x080026d4   Section        0  stm32f10x_usart.o(i.USART_Cmd)
    i.USART_DMACmd                           0x080026ec   Section        0  stm32f10x_usart.o(i.USART_DMACmd)
    i.USART_DeInit                           0x08002700   Section        0  stm32f10x_usart.o(i.USART_DeInit)
    i.USART_GetFlagStatus                    0x0800279c   Section        0  stm32f10x_usart.o(i.USART_GetFlagStatus)
    i.USART_GetITStatus                      0x080027b6   Section        0  stm32f10x_usart.o(i.USART_GetITStatus)
    i.USART_ITConfig                         0x0800280a   Section        0  stm32f10x_usart.o(i.USART_ITConfig)
    i.USART_Init                             0x08002854   Section        0  stm32f10x_usart.o(i.USART_Init)
    i.USART_ReceiveData                      0x0800292c   Section        0  stm32f10x_usart.o(i.USART_ReceiveData)
    i.USART_SendData                         0x08002936   Section        0  stm32f10x_usart.o(i.USART_SendData)
    i.Ublox_Cfg_Ack_Check                    0x08002940   Section        0  gps.o(i.Ublox_Cfg_Ack_Check)
    i.Ublox_Cfg_Cfg_Save                     0x080029b0   Section        0  gps.o(i.Ublox_Cfg_Cfg_Save)
    i.Ublox_Cfg_Prt                          0x08002a28   Section        0  gps.o(i.Ublox_Cfg_Prt)
    i.Ublox_Cfg_Rate                         0x08002a9c   Section        0  gps.o(i.Ublox_Cfg_Rate)
    i.Ublox_Cfg_Tp                           0x08002af4   Section        0  gps.o(i.Ublox_Cfg_Tp)
    i.Ublox_CheckSum                         0x08002b64   Section        0  gps.o(i.Ublox_CheckSum)
    i.Usart_SendChar                         0x08002b8c   Section        0  usart.o(i.Usart_SendChar)
    i.Usart_SendString                       0x08002bac   Section        0  usart.o(i.Usart_SendString)
    i.__0printf                              0x08002bec   Section        0  printfa.o(i.__0printf)
    i.__0sprintf                             0x08002c0c   Section        0  printfa.o(i.__0sprintf)
    i.__ARM_fpclassify                       0x08002c34   Section        0  fpclassify.o(i.__ARM_fpclassify)
    i.__kernel_poly                          0x08002c5c   Section        0  poly.o(i.__kernel_poly)
    i.__mathlib_dbl_infnan                   0x08002d06   Section        0  dunder.o(i.__mathlib_dbl_infnan)
    i.__mathlib_dbl_infnan2                  0x08002d0c   Section        0  dunder.o(i.__mathlib_dbl_infnan2)
    i.__mathlib_dbl_invalid                  0x08002d10   Section        0  dunder.o(i.__mathlib_dbl_invalid)
    i.__mathlib_dbl_underflow                0x08002d1c   Section        0  dunder.o(i.__mathlib_dbl_underflow)
    i.__scatterload_copy                     0x08002d2c   Section       14  handlers.o(i.__scatterload_copy)
    i.__scatterload_null                     0x08002d3a   Section        2  handlers.o(i.__scatterload_null)
    i.__scatterload_zeroinit                 0x08002d3c   Section       14  handlers.o(i.__scatterload_zeroinit)
    i.__set_errno                            0x08002d4c   Section        0  errno.o(i.__set_errno)
    i._fp_digits                             0x08002d58   Section        0  printfa.o(i._fp_digits)
    _fp_digits                               0x08002d59   Thumb Code   334  printfa.o(i._fp_digits)
    i._printf_core                           0x08002ebc   Section        0  printfa.o(i._printf_core)
    _printf_core                             0x08002ebd   Thumb Code  1744  printfa.o(i._printf_core)
    i._printf_post_padding                   0x08003598   Section        0  printfa.o(i._printf_post_padding)
    _printf_post_padding                     0x08003599   Thumb Code    36  printfa.o(i._printf_post_padding)
    i._printf_pre_padding                    0x080035bc   Section        0  printfa.o(i._printf_pre_padding)
    _printf_pre_padding                      0x080035bd   Thumb Code    46  printfa.o(i._printf_pre_padding)
    i._sputc                                 0x080035ea   Section        0  printfa.o(i._sputc)
    _sputc                                   0x080035eb   Thumb Code    10  printfa.o(i._sputc)
    i.asin                                   0x080035f4   Section        0  asin.o(i.asin)
    i.atan                                   0x08003864   Section        0  atan.o(i.atan)
    i.atan2                                  0x08003a84   Section        0  atan2.o(i.atan2)
    i.decode_gesture                         0x08003c04   Section        0  inv_mpu_dmp_motion_driver.o(i.decode_gesture)
    decode_gesture                           0x08003c05   Thumb Code    94  inv_mpu_dmp_motion_driver.o(i.decode_gesture)
    i.delay_init                             0x08003c68   Section        0  delay.o(i.delay_init)
    i.delay_ms                               0x08003cac   Section        0  delay.o(i.delay_ms)
    i.delay_us                               0x08003cf8   Section        0  delay.o(i.delay_us)
    i.dmp_get_pedometer_step_count           0x08003d44   Section        0  inv_mpu_dmp_motion_driver.o(i.dmp_get_pedometer_step_count)
    i.dmp_read_fifo                          0x08003d88   Section        0  inv_mpu_dmp_motion_driver.o(i.dmp_read_fifo)
    i.findStr                                0x08003f54   Section        0  gprs.o(i.findStr)
    i.fputc                                  0x08003f98   Section        0  usart.o(i.fputc)
    i.initGPRS                               0x08003fb4   Section        0  gprs.o(i.initGPRS)
    i.main                                   0x080040e4   Section        0  main.o(i.main)
    i.mget_ms                                0x080042c4   Section        0  inv_mpu.o(i.mget_ms)
    i.mpu_dmp_get_data                       0x080042c8   Section        0  inv_mpu.o(i.mpu_dmp_get_data)
    i.mpu_read_fifo_stream                   0x080044ec   Section        0  inv_mpu.o(i.mpu_read_fifo_stream)
    i.mpu_read_mem                           0x080045ac   Section        0  inv_mpu.o(i.mpu_read_mem)
    i.mpu_reset_fifo                         0x0800462c   Section        0  inv_mpu.o(i.mpu_reset_fifo)
    i.sqrt                                   0x080047f4   Section        0  sqrt.o(i.sqrt)
    i.uart2_init                             0x08004840   Section        0  usart.o(i.uart2_init)
    i.uart3_init                             0x080048c0   Section        0  usart.o(i.uart3_init)
    .constdata                               0x08004958   Section       80  inv_mpu.o(.constdata)
    .constdata                               0x080049a8   Section       80  asin.o(.constdata)
    pS                                       0x080049a8   Data          48  asin.o(.constdata)
    qS                                       0x080049d8   Data          32  asin.o(.constdata)
    .constdata                               0x080049f8   Section      152  atan.o(.constdata)
    atanhi                                   0x080049f8   Data          32  atan.o(.constdata)
    atanlo                                   0x08004a18   Data          32  atan.o(.constdata)
    aTodd                                    0x08004a38   Data          40  atan.o(.constdata)
    aTeven                                   0x08004a60   Data          48  atan.o(.constdata)
    .constdata                               0x08004a90   Section        8  qnan.o(.constdata)
    .conststring                             0x08004a98   Section       21  main.o(.conststring)
    .conststring                             0x08004ab0   Section       42  gprs.o(.conststring)
    .data                                    0x20000000   Section       64  main.o(.data)
    .data                                    0x20000040   Section        9  stm32f10x_it.o(.data)
    count1                                   0x20000040   Data           4  stm32f10x_it.o(.data)
    count4                                   0x20000044   Data           4  stm32f10x_it.o(.data)
    flag                                     0x20000048   Data           1  stm32f10x_it.o(.data)
    .data                                    0x2000004c   Section       13  usart.o(.data)
    i                                        0x20000058   Data           1  usart.o(.data)
    .data                                    0x2000005a   Section        4  delay.o(.data)
    fac_us                                   0x2000005a   Data           1  delay.o(.data)
    fac_ms                                   0x2000005c   Data           2  delay.o(.data)
    .data                                    0x20000060   Section       53  inv_mpu.o(.data)
    st                                       0x20000060   Data          44  inv_mpu.o(.data)
    gyro_orientation                         0x2000008c   Data           9  inv_mpu.o(.data)
    .data                                    0x20000096   Section        2  usart1.o(.data)
    .data                                    0x20000098   Section        9  gprs.o(.data)
    .data                                    0x200000a1   Section       20  stm32f10x_rcc.o(.data)
    APBAHBPrescTable                         0x200000a1   Data          16  stm32f10x_rcc.o(.data)
    ADCPrescTable                            0x200000b1   Data           4  stm32f10x_rcc.o(.data)
    .data                                    0x200000b8   Section       20  system_stm32f10x.o(.data)
    .data                                    0x200000cc   Section        4  errno.o(.data)
    _errno                                   0x200000cc   Data           4  errno.o(.data)
    .bss                                     0x200000d0   Section      978  main.o(.bss)
    .bss                                     0x200004a2   Section      400  usart.o(.bss)
    .bss                                     0x20000634   Section       16  inv_mpu_dmp_motion_driver.o(.bss)
    dmp                                      0x20000634   Data          16  inv_mpu_dmp_motion_driver.o(.bss)
    .bss                                     0x20000648   Section     1000  usart1.o(.bss)
    .bss                                     0x20000a30   Section       80  gprs.o(.bss)
    STACK                                    0x20000a80   Section     1024  startup_stm32f10x_hd.o(STACK)

    Global Symbols

    Symbol Name                              Value     Ov Type        Size  Object(Section)

    BuildAttributes$$THM_ISAv4$P$D$K$B$S$PE$A:L22UL41UL21$X:L11$S22US41US21$IEEE1$IW$USESV6$~STKCKD$USESV7$~SHL$OTIME$ROPI$IEEEX$EBA8$MICROLIB$REQ8$PRES8$EABIv2 0x00000000   Number         0  anon$$obj.o ABSOLUTE
    __ARM_use_no_argv                        0x00000000   Number         0  main.o ABSOLUTE
    __use_no_errno                           0x00000000   Number         0  useno.o ABSOLUTE
    __use_no_exception_handling              0x00000000   Number         0  useno.o ABSOLUTE
    __use_no_fp                              0x00000000   Number         0  useno.o ABSOLUTE
    __use_no_heap                            0x00000000   Number         0  useno.o ABSOLUTE
    __use_no_heap_region                     0x00000000   Number         0  useno.o ABSOLUTE
    __use_no_semihosting                     0x00000000   Number         0  useno.o ABSOLUTE
    __use_no_semihosting_swi                 0x00000000   Number         0  useno.o ABSOLUTE
    __use_no_signal_handling                 0x00000000   Number         0  useno.o ABSOLUTE
    _printf_a                                0x00000000   Number         0  stubs.o ABSOLUTE
    _printf_c                                0x00000000   Number         0  stubs.o ABSOLUTE
    _printf_charcount                        0x00000000   Number         0  stubs.o ABSOLUTE
    _printf_d                                0x00000000   Number         0  stubs.o ABSOLUTE
    _printf_e                                0x00000000   Number         0  stubs.o ABSOLUTE
    _printf_f                                0x00000000   Number         0  stubs.o ABSOLUTE
    _printf_flags                            0x00000000   Number         0  stubs.o ABSOLUTE
    _printf_fp_dec                           0x00000000   Number         0  stubs.o ABSOLUTE
    _printf_fp_hex                           0x00000000   Number         0  stubs.o ABSOLUTE
    _printf_g                                0x00000000   Number         0  stubs.o ABSOLUTE
    _printf_i                                0x00000000   Number         0  stubs.o ABSOLUTE
    _printf_int_dec                          0x00000000   Number         0  stubs.o ABSOLUTE
    _printf_l                                0x00000000   Number         0  stubs.o ABSOLUTE
    _printf_lc                               0x00000000   Number         0  stubs.o ABSOLUTE
    _printf_ll                               0x00000000   Number         0  stubs.o ABSOLUTE
    _printf_lld                              0x00000000   Number         0  stubs.o ABSOLUTE
    _printf_lli                              0x00000000   Number         0  stubs.o ABSOLUTE
    _printf_llo                              0x00000000   Number         0  stubs.o ABSOLUTE
    _printf_llu                              0x00000000   Number         0  stubs.o ABSOLUTE
    _printf_llx                              0x00000000   Number         0  stubs.o ABSOLUTE
    _printf_longlong_dec                     0x00000000   Number         0  stubs.o ABSOLUTE
    _printf_longlong_hex                     0x00000000   Number         0  stubs.o ABSOLUTE
    _printf_longlong_oct                     0x00000000   Number         0  stubs.o ABSOLUTE
    _printf_ls                               0x00000000   Number         0  stubs.o ABSOLUTE
    _printf_mbtowc                           0x00000000   Number         0  stubs.o ABSOLUTE
    _printf_n                                0x00000000   Number         0  stubs.o ABSOLUTE
    _printf_o                                0x00000000   Number         0  stubs.o ABSOLUTE
    _printf_p                                0x00000000   Number         0  stubs.o ABSOLUTE
    _printf_percent                          0x00000000   Number         0  stubs.o ABSOLUTE
    _printf_pre_padding                      0x00000000   Number         0  stubs.o ABSOLUTE
    _printf_return_value                     0x00000000   Number         0  stubs.o ABSOLUTE
    _printf_s                                0x00000000   Number         0  stubs.o ABSOLUTE
    _printf_sizespec                         0x00000000   Number         0  stubs.o ABSOLUTE
    _printf_str                              0x00000000   Number         0  stubs.o ABSOLUTE
    _printf_truncate_signed                  0x00000000   Number         0  stubs.o ABSOLUTE
    _printf_truncate_unsigned                0x00000000   Number         0  stubs.o ABSOLUTE
    _printf_u                                0x00000000   Number         0  stubs.o ABSOLUTE
    _printf_wc                               0x00000000   Number         0  stubs.o ABSOLUTE
    _printf_wctomb                           0x00000000   Number         0  stubs.o ABSOLUTE
    _printf_widthprec                        0x00000000   Number         0  stubs.o ABSOLUTE
    _printf_x                                0x00000000   Number         0  stubs.o ABSOLUTE
    __cpp_initialize__aeabi_                  - Undefined Weak Reference
    __cxa_finalize                            - Undefined Weak Reference
    __decompress                              - Undefined Weak Reference
    _clock_init                               - Undefined Weak Reference
    _microlib_exit                            - Undefined Weak Reference
    __Vectors_Size                           0x00000130   Number         0  startup_stm32f10x_hd.o ABSOLUTE
    __Vectors                                0x08000000   Data           4  startup_stm32f10x_hd.o(RESET)
    __Vectors_End                            0x08000130   Data           0  startup_stm32f10x_hd.o(RESET)
    __main                                   0x08000131   Thumb Code     0  entry.o(.ARM.Collect$$$$00000000)
    _main_stk                                0x08000131   Thumb Code     0  entry2.o(.ARM.Collect$$$$00000001)
    _main_scatterload                        0x08000135   Thumb Code     0  entry5.o(.ARM.Collect$$$$00000004)
    __main_after_scatterload                 0x08000139   Thumb Code     0  entry5.o(.ARM.Collect$$$$00000004)
    _main_clock                              0x08000139   Thumb Code     0  entry7b.o(.ARM.Collect$$$$00000008)
    _main_cpp_init                           0x08000139   Thumb Code     0  entry8b.o(.ARM.Collect$$$$0000000A)
    _main_init                               0x08000139   Thumb Code     0  entry9a.o(.ARM.Collect$$$$0000000B)
    __rt_final_cpp                           0x08000141   Thumb Code     0  entry10a.o(.ARM.Collect$$$$0000000D)
    __rt_final_exit                          0x08000141   Thumb Code     0  entry11a.o(.ARM.Collect$$$$0000000F)
    Reset_Handler                            0x08000145   Thumb Code     8  startup_stm32f10x_hd.o(.text)
    NMI_Handler                              0x0800014d   Thumb Code     2  startup_stm32f10x_hd.o(.text)
    HardFault_Handler                        0x0800014f   Thumb Code     2  startup_stm32f10x_hd.o(.text)
    MemManage_Handler                        0x08000151   Thumb Code     2  startup_stm32f10x_hd.o(.text)
    BusFault_Handler                         0x08000153   Thumb Code     2  startup_stm32f10x_hd.o(.text)
    UsageFault_Handler                       0x08000155   Thumb Code     2  startup_stm32f10x_hd.o(.text)
    SVC_Handler                              0x08000157   Thumb Code     2  startup_stm32f10x_hd.o(.text)
    DebugMon_Handler                         0x08000159   Thumb Code     2  startup_stm32f10x_hd.o(.text)
    PendSV_Handler                           0x0800015b   Thumb Code     2  startup_stm32f10x_hd.o(.text)
    SysTick_Handler                          0x0800015d   Thumb Code     2  startup_stm32f10x_hd.o(.text)
    ADC1_2_IRQHandler                        0x0800015f   Thumb Code     0  startup_stm32f10x_hd.o(.text)
    ADC3_IRQHandler                          0x0800015f   Thumb Code     0  startup_stm32f10x_hd.o(.text)
    CAN1_RX1_IRQHandler                      0x0800015f   Thumb Code     0  startup_stm32f10x_hd.o(.text)
    CAN1_SCE_IRQHandler                      0x0800015f   Thumb Code     0  startup_stm32f10x_hd.o(.text)
    DMA1_Channel1_IRQHandler                 0x0800015f   Thumb Code     0  startup_stm32f10x_hd.o(.text)
    DMA1_Channel2_IRQHandler                 0x0800015f   Thumb Code     0  startup_stm32f10x_hd.o(.text)
    DMA1_Channel3_IRQHandler                 0x0800015f   Thumb Code     0  startup_stm32f10x_hd.o(.text)
    DMA1_Channel4_IRQHandler                 0x0800015f   Thumb Code     0  startup_stm32f10x_hd.o(.text)
    DMA1_Channel5_IRQHandler                 0x0800015f   Thumb Code     0  startup_stm32f10x_hd.o(.text)
    DMA1_Channel6_IRQHandler                 0x0800015f   Thumb Code     0  startup_stm32f10x_hd.o(.text)
    DMA1_Channel7_IRQHandler                 0x0800015f   Thumb Code     0  startup_stm32f10x_hd.o(.text)
    DMA2_Channel1_IRQHandler                 0x0800015f   Thumb Code     0  startup_stm32f10x_hd.o(.text)
    DMA2_Channel2_IRQHandler                 0x0800015f   Thumb Code     0  startup_stm32f10x_hd.o(.text)
    DMA2_Channel3_IRQHandler                 0x0800015f   Thumb Code     0  startup_stm32f10x_hd.o(.text)
    DMA2_Channel4_5_IRQHandler               0x0800015f   Thumb Code     0  startup_stm32f10x_hd.o(.text)
    EXTI0_IRQHandler                         0x0800015f   Thumb Code     0  startup_stm32f10x_hd.o(.text)
    EXTI15_10_IRQHandler                     0x0800015f   Thumb Code     0  startup_stm32f10x_hd.o(.text)
    EXTI1_IRQHandler                         0x0800015f   Thumb Code     0  startup_stm32f10x_hd.o(.text)
    EXTI2_IRQHandler                         0x0800015f   Thumb Code     0  startup_stm32f10x_hd.o(.text)
    EXTI3_IRQHandler                         0x0800015f   Thumb Code     0  startup_stm32f10x_hd.o(.text)
    EXTI4_IRQHandler                         0x0800015f   Thumb Code     0  startup_stm32f10x_hd.o(.text)
    EXTI9_5_IRQHandler                       0x0800015f   Thumb Code     0  startup_stm32f10x_hd.o(.text)
    FLASH_IRQHandler                         0x0800015f   Thumb Code     0  startup_stm32f10x_hd.o(.text)
    FSMC_IRQHandler                          0x0800015f   Thumb Code     0  startup_stm32f10x_hd.o(.text)
    I2C1_ER_IRQHandler                       0x0800015f   Thumb Code     0  startup_stm32f10x_hd.o(.text)
    I2C1_EV_IRQHandler                       0x0800015f   Thumb Code     0  startup_stm32f10x_hd.o(.text)
    I2C2_ER_IRQHandler                       0x0800015f   Thumb Code     0  startup_stm32f10x_hd.o(.text)
    I2C2_EV_IRQHandler                       0x0800015f   Thumb Code     0  startup_stm32f10x_hd.o(.text)
    PVD_IRQHandler                           0x0800015f   Thumb Code     0  startup_stm32f10x_hd.o(.text)
    RCC_IRQHandler                           0x0800015f   Thumb Code     0  startup_stm32f10x_hd.o(.text)
    RTCAlarm_IRQHandler                      0x0800015f   Thumb Code     0  startup_stm32f10x_hd.o(.text)
    RTC_IRQHandler                           0x0800015f   Thumb Code     0  startup_stm32f10x_hd.o(.text)
    SDIO_IRQHandler                          0x0800015f   Thumb Code     0  startup_stm32f10x_hd.o(.text)
    SPI1_IRQHandler                          0x0800015f   Thumb Code     0  startup_stm32f10x_hd.o(.text)
    SPI2_IRQHandler                          0x0800015f   Thumb Code     0  startup_stm32f10x_hd.o(.text)
    SPI3_IRQHandler                          0x0800015f   Thumb Code     0  startup_stm32f10x_hd.o(.text)
    TAMPER_IRQHandler                        0x0800015f   Thumb Code     0  startup_stm32f10x_hd.o(.text)
    TIM1_BRK_IRQHandler                      0x0800015f   Thumb Code     0  startup_stm32f10x_hd.o(.text)
    TIM1_CC_IRQHandler                       0x0800015f   Thumb Code     0  startup_stm32f10x_hd.o(.text)
    TIM1_TRG_COM_IRQHandler                  0x0800015f   Thumb Code     0  startup_stm32f10x_hd.o(.text)
    TIM1_UP_IRQHandler                       0x0800015f   Thumb Code     0  startup_stm32f10x_hd.o(.text)
    TIM3_IRQHandler                          0x0800015f   Thumb Code     0  startup_stm32f10x_hd.o(.text)
    TIM5_IRQHandler                          0x0800015f   Thumb Code     0  startup_stm32f10x_hd.o(.text)
    TIM6_IRQHandler                          0x0800015f   Thumb Code     0  startup_stm32f10x_hd.o(.text)
    TIM7_IRQHandler                          0x0800015f   Thumb Code     0  startup_stm32f10x_hd.o(.text)
    TIM8_BRK_IRQHandler                      0x0800015f   Thumb Code     0  startup_stm32f10x_hd.o(.text)
    TIM8_CC_IRQHandler                       0x0800015f   Thumb Code     0  startup_stm32f10x_hd.o(.text)
    TIM8_TRG_COM_IRQHandler                  0x0800015f   Thumb Code     0  startup_stm32f10x_hd.o(.text)
    TIM8_UP_IRQHandler                       0x0800015f   Thumb Code     0  startup_stm32f10x_hd.o(.text)
    UART4_IRQHandler                         0x0800015f   Thumb Code     0  startup_stm32f10x_hd.o(.text)
    UART5_IRQHandler                         0x0800015f   Thumb Code     0  startup_stm32f10x_hd.o(.text)
    USBWakeUp_IRQHandler                     0x0800015f   Thumb Code     0  startup_stm32f10x_hd.o(.text)
    USB_HP_CAN1_TX_IRQHandler                0x0800015f   Thumb Code     0  startup_stm32f10x_hd.o(.text)
    USB_LP_CAN1_RX0_IRQHandler               0x0800015f   Thumb Code     0  startup_stm32f10x_hd.o(.text)
    WWDG_IRQHandler                          0x0800015f   Thumb Code     0  startup_stm32f10x_hd.o(.text)
    __aeabi_memset                           0x08000169   Thumb Code    14  memseta.o(.text)
    __aeabi_memset4                          0x08000169   Thumb Code     0  memseta.o(.text)
    __aeabi_memset8                          0x08000169   Thumb Code     0  memseta.o(.text)
    __aeabi_memclr                           0x08000177   Thumb Code     4  memseta.o(.text)
    __aeabi_memclr4                          0x08000177   Thumb Code     0  memseta.o(.text)
    __aeabi_memclr8                          0x08000177   Thumb Code     0  memseta.o(.text)
    _memset$wrapper                          0x0800017b   Thumb Code    18  memseta.o(.text)
    strstr                                   0x0800018d   Thumb Code    36  strstr.o(.text)
    __aeabi_fadd                             0x080001b1   Thumb Code   164  fadd.o(.text)
    __aeabi_fsub                             0x08000255   Thumb Code     6  fadd.o(.text)
    __aeabi_frsub                            0x0800025b   Thumb Code     6  fadd.o(.text)
    __aeabi_fmul                             0x08000261   Thumb Code   100  fmul.o(.text)
    __aeabi_fdiv                             0x080002c5   Thumb Code   124  fdiv.o(.text)
    __aeabi_dadd                             0x08000341   Thumb Code   322  dadd.o(.text)
    __aeabi_dsub                             0x08000483   Thumb Code     6  dadd.o(.text)
    __aeabi_drsub                            0x08000489   Thumb Code     6  dadd.o(.text)
    __aeabi_dmul                             0x0800048f   Thumb Code   228  dmul.o(.text)
    __aeabi_ddiv                             0x08000573   Thumb Code   222  ddiv.o(.text)
    __aeabi_i2f                              0x08000651   Thumb Code    18  fflti.o(.text)
    __aeabi_ui2f                             0x08000663   Thumb Code    10  ffltui.o(.text)
    __aeabi_i2d                              0x0800066d   Thumb Code    34  dflti.o(.text)
    __aeabi_f2iz                             0x0800068f   Thumb Code    50  ffixi.o(.text)
    __aeabi_f2uiz                            0x080006c1   Thumb Code    40  ffixui.o(.text)
    __aeabi_f2d                              0x080006e9   Thumb Code    38  f2d.o(.text)
    __aeabi_d2f                              0x0800070f   Thumb Code    56  d2f.o(.text)
    __aeabi_uidiv                            0x08000747   Thumb Code     0  uidiv.o(.text)
    __aeabi_uidivmod                         0x08000747   Thumb Code    44  uidiv.o(.text)
    __aeabi_uldivmod                         0x08000773   Thumb Code    98  uldiv.o(.text)
    __aeabi_llsl                             0x080007d5   Thumb Code    30  llshl.o(.text)
    _ll_shift_l                              0x080007d5   Thumb Code     0  llshl.o(.text)
    __aeabi_lasr                             0x080007f3   Thumb Code    36  llsshr.o(.text)
    _ll_sshift_r                             0x080007f3   Thumb Code     0  llsshr.o(.text)
    __I$use$fp                               0x08000817   Thumb Code     0  iusefp.o(.text)
    _float_round                             0x08000817   Thumb Code    18  fepilogue.o(.text)
    _float_epilogue                          0x08000829   Thumb Code    92  fepilogue.o(.text)
    _double_round                            0x08000885   Thumb Code    30  depilogue.o(.text)
    _double_epilogue                         0x080008a3   Thumb Code   156  depilogue.o(.text)
    __ARM_scalbn                             0x0800093f   Thumb Code    46  dscalb.o(.text)
    scalbn                                   0x0800093f   Thumb Code     0  dscalb.o(.text)
    __aeabi_d2ulz                            0x0800096d   Thumb Code    48  dfixul.o(.text)
    __aeabi_cdrcmple                         0x0800099d   Thumb Code    48  cdrcmple.o(.text)
    __scatterload                            0x080009cd   Thumb Code    28  init.o(.text)
    __scatterload_rt2                        0x080009cd   Thumb Code     0  init.o(.text)
    __aeabi_llsr                             0x080009f1   Thumb Code    32  llushr.o(.text)
    _ll_ushift_r                             0x080009f1   Thumb Code     0  llushr.o(.text)
    _dsqrt                                   0x08000a11   Thumb Code   162  dsqrt.o(.text)
    DHT11Configuration                       0x08000ab5   Thumb Code    48  dht11.o(i.DHT11Configuration)
    DHT11_IsOnline                           0x08000aed   Thumb Code    92  dht11.o(i.DHT11_IsOnline)
    DHT11_ReadBit                            0x08000b51   Thumb Code    70  dht11.o(i.DHT11_ReadBit)
    DHT11_ReadByte                           0x08000b9d   Thumb Code    30  dht11.o(i.DHT11_ReadByte)
    DHT11_Read_Data                          0x08000bbb   Thumb Code    88  dht11.o(i.DHT11_Read_Data)
    DHT11_Reset                              0x08000c15   Thumb Code    52  dht11.o(i.DHT11_Reset)
    DMA_Cmd                                  0x08000c55   Thumb Code    24  stm32f10x_dma.o(i.DMA_Cmd)
    DMA_DeInit                               0x08000c6d   Thumb Code   324  stm32f10x_dma.o(i.DMA_DeInit)
    DMA_Init                                 0x08000db9   Thumb Code    60  stm32f10x_dma.o(i.DMA_Init)
    DMA_SetCurrDataCounter                   0x08000df5   Thumb Code     4  stm32f10x_dma.o(i.DMA_SetCurrDataCounter)
    GPIO_Init                                0x08000df9   Thumb Code   278  stm32f10x_gpio.o(i.GPIO_Init)
    GPS_Analysis                             0x08000f0f   Thumb Code    48  gps.o(i.GPS_Analysis)
    GPS_INIT                                 0x08000f41   Thumb Code    98  main.o(i.GPS_INIT)
    GPS_SHUJU                                0x08000fd5   Thumb Code    66  main.o(i.GPS_SHUJU)
    Gps_Msg_Show                             0x08001029   Thumb Code   404  main.o(i.Gps_Msg_Show)
    MPU_Get_Temperature                      0x080012c1   Thumb Code    86  mpu6050.o(i.MPU_Get_Temperature)
    MPU_IIC_Ack                              0x08001329   Thumb Code    62  mpuiic.o(i.MPU_IIC_Ack)
    MPU_IIC_Delay                            0x08001375   Thumb Code    10  mpuiic.o(i.MPU_IIC_Delay)
    MPU_IIC_NAck                             0x08001381   Thumb Code    62  mpuiic.o(i.MPU_IIC_NAck)
    MPU_IIC_Read_Byte                        0x080013cd   Thumb Code    94  mpuiic.o(i.MPU_IIC_Read_Byte)
    MPU_IIC_Send_Byte                        0x08001439   Thumb Code    80  mpuiic.o(i.MPU_IIC_Send_Byte)
    MPU_IIC_Start                            0x08001495   Thumb Code    60  mpuiic.o(i.MPU_IIC_Start)
    MPU_IIC_Stop                             0x080014dd   Thumb Code    58  mpuiic.o(i.MPU_IIC_Stop)
    MPU_IIC_Wait_Ack                         0x08001525   Thumb Code    86  mpuiic.o(i.MPU_IIC_Wait_Ack)
    MPU_Read_Len                             0x08001589   Thumb Code   116  mpu6050.o(i.MPU_Read_Len)
    MPU_Write_Len                            0x080015fd   Thumb Code    96  mpu6050.o(i.MPU_Write_Len)
    NMEA_Comma_Pos                           0x0800165d   Thumb Code    50  gps.o(i.NMEA_Comma_Pos)
    NMEA_GPGGA_Analysis                      0x08001691   Thumb Code    96  gps.o(i.NMEA_GPGGA_Analysis)
    NMEA_GPGSA_Analysis                      0x080016f9   Thumb Code   176  gps.o(i.NMEA_GPGSA_Analysis)
    NMEA_GPGSV_Analysis                      0x080017b1   Thumb Code   290  gps.o(i.NMEA_GPGSV_Analysis)
    NMEA_GPRMC_Analysis                      0x080018dd   Thumb Code   532  gps.o(i.NMEA_GPRMC_Analysis)
    NMEA_GPVTG_Analysis                      0x08001afd   Thumb Code    78  gps.o(i.NMEA_GPVTG_Analysis)
    NMEA_Pow                                 0x08001b55   Thumb Code    22  gps.o(i.NMEA_Pow)
    NMEA_Str2num                             0x08001b6b   Thumb Code   234  gps.o(i.NMEA_Str2num)
    NVIC_Config                              0x08001c55   Thumb Code    98  nvic.o(i.NVIC_Config)
    NVIC_Init                                0x08001cb9   Thumb Code   100  misc.o(i.NVIC_Init)
    NVIC_PriorityGroupConfig                 0x08001d29   Thumb Code    10  misc.o(i.NVIC_PriorityGroupConfig)
    RCC_AHBPeriphClockCmd                    0x08001d3d   Thumb Code    26  stm32f10x_rcc.o(i.RCC_AHBPeriphClockCmd)
    RCC_APB1PeriphClockCmd                   0x08001d5d   Thumb Code    26  stm32f10x_rcc.o(i.RCC_APB1PeriphClockCmd)
    RCC_APB1PeriphResetCmd                   0x08001d7d   Thumb Code    26  stm32f10x_rcc.o(i.RCC_APB1PeriphResetCmd)
    RCC_APB2PeriphClockCmd                   0x08001d9d   Thumb Code    26  stm32f10x_rcc.o(i.RCC_APB2PeriphClockCmd)
    RCC_APB2PeriphResetCmd                   0x08001dbd   Thumb Code    26  stm32f10x_rcc.o(i.RCC_APB2PeriphResetCmd)
    RCC_GetClocksFreq                        0x08001ddd   Thumb Code   192  stm32f10x_rcc.o(i.RCC_GetClocksFreq)
    Set_Text_Mode                            0x08001f99   Thumb Code   264  gprs.o(i.Set_Text_Mode)
    SysTick_CLKSourceConfig                  0x08002131   Thumb Code    40  misc.o(i.SysTick_CLKSourceConfig)
    SystemInit                               0x08002159   Thumb Code    78  system_stm32f10x.o(i.SystemInit)
    TIM2_IRQHandler                          0x080021b9   Thumb Code   112  stm32f10x_it.o(i.TIM2_IRQHandler)
    TIM4_IRQHandler                          0x0800223d   Thumb Code    40  usart1.o(i.TIM4_IRQHandler)
    TIM4_Init                                0x0800226d   Thumb Code    82  usart1.o(i.TIM4_Init)
    TIM4_Set                                 0x080022c5   Thumb Code    34  usart1.o(i.TIM4_Set)
    TIM_ClearITPendingBit                    0x080022ed   Thumb Code     6  stm32f10x_tim.o(i.TIM_ClearITPendingBit)
    TIM_Cmd                                  0x080022f3   Thumb Code    24  stm32f10x_tim.o(i.TIM_Cmd)
    TIM_GetITStatus                          0x0800230b   Thumb Code    34  stm32f10x_tim.o(i.TIM_GetITStatus)
    TIM_ITConfig                             0x0800232d   Thumb Code    18  stm32f10x_tim.o(i.TIM_ITConfig)
    TIM_SetCounter                           0x0800233f   Thumb Code     4  stm32f10x_tim.o(i.TIM_SetCounter)
    TIM_TimeBaseInit                         0x08002345   Thumb Code   122  stm32f10x_tim.o(i.TIM_TimeBaseInit)
    Timer2_Init                              0x080023e9   Thumb Code    70  timer.o(i.Timer2_Init)
    UART_DMA_Config                          0x0800242f   Thumb Code    72  usart1.o(i.UART_DMA_Config)
    UART_DMA_Enable                          0x08002477   Thumb Code    32  usart1.o(i.UART_DMA_Enable)
    USART1_IRQHandler                        0x08002499   Thumb Code    84  usart1.o(i.USART1_IRQHandler)
    USART1_Init                              0x080024fd   Thumb Code   208  usart1.o(i.USART1_Init)
    USART2_IRQHandler                        0x080025e1   Thumb Code   122  usart.o(i.USART2_IRQHandler)
    USART3_IRQHandler                        0x08002669   Thumb Code    86  usart.o(i.USART3_IRQHandler)
    USART_Cmd                                0x080026d5   Thumb Code    24  stm32f10x_usart.o(i.USART_Cmd)
    USART_DMACmd                             0x080026ed   Thumb Code    18  stm32f10x_usart.o(i.USART_DMACmd)
    USART_DeInit                             0x08002701   Thumb Code   134  stm32f10x_usart.o(i.USART_DeInit)
    USART_GetFlagStatus                      0x0800279d   Thumb Code    26  stm32f10x_usart.o(i.USART_GetFlagStatus)
    USART_GetITStatus                        0x080027b7   Thumb Code    84  stm32f10x_usart.o(i.USART_GetITStatus)
    USART_ITConfig                           0x0800280b   Thumb Code    74  stm32f10x_usart.o(i.USART_ITConfig)
    USART_Init                               0x08002855   Thumb Code   210  stm32f10x_usart.o(i.USART_Init)
    USART_ReceiveData                        0x0800292d   Thumb Code    10  stm32f10x_usart.o(i.USART_ReceiveData)
    USART_SendData                           0x08002937   Thumb Code     8  stm32f10x_usart.o(i.USART_SendData)
    Ublox_Cfg_Ack_Check                      0x08002941   Thumb Code   104  gps.o(i.Ublox_Cfg_Ack_Check)
    Ublox_Cfg_Cfg_Save                       0x080029b1   Thumb Code   112  gps.o(i.Ublox_Cfg_Cfg_Save)
    Ublox_Cfg_Prt                            0x08002a29   Thumb Code   106  gps.o(i.Ublox_Cfg_Prt)
    Ublox_Cfg_Rate                           0x08002a9d   Thumb Code    80  gps.o(i.Ublox_Cfg_Rate)
    Ublox_Cfg_Tp                             0x08002af5   Thumb Code   102  gps.o(i.Ublox_Cfg_Tp)
    Ublox_CheckSum                           0x08002b65   Thumb Code    40  gps.o(i.Ublox_CheckSum)
    Usart_SendChar                           0x08002b8d   Thumb Code    30  usart.o(i.Usart_SendChar)
    Usart_SendString                         0x08002bad   Thumb Code    50  usart.o(i.Usart_SendString)
    __0printf                                0x08002bed   Thumb Code    22  printfa.o(i.__0printf)
    __1printf                                0x08002bed   Thumb Code     0  printfa.o(i.__0printf)
    __2printf                                0x08002bed   Thumb Code     0  printfa.o(i.__0printf)
    __c89printf                              0x08002bed   Thumb Code     0  printfa.o(i.__0printf)
    printf                                   0x08002bed   Thumb Code     0  printfa.o(i.__0printf)
    __0sprintf                               0x08002c0d   Thumb Code    34  printfa.o(i.__0sprintf)
    __1sprintf                               0x08002c0d   Thumb Code     0  printfa.o(i.__0sprintf)
    __2sprintf                               0x08002c0d   Thumb Code     0  printfa.o(i.__0sprintf)
    __c89sprintf                             0x08002c0d   Thumb Code     0  printfa.o(i.__0sprintf)
    sprintf                                  0x08002c0d   Thumb Code     0  printfa.o(i.__0sprintf)
    __ARM_fpclassify                         0x08002c35   Thumb Code    40  fpclassify.o(i.__ARM_fpclassify)
    __kernel_poly                            0x08002c5d   Thumb Code   170  poly.o(i.__kernel_poly)
    __mathlib_dbl_infnan                     0x08002d07   Thumb Code     6  dunder.o(i.__mathlib_dbl_infnan)
    __mathlib_dbl_infnan2                    0x08002d0d   Thumb Code     4  dunder.o(i.__mathlib_dbl_infnan2)
    __mathlib_dbl_invalid                    0x08002d11   Thumb Code    12  dunder.o(i.__mathlib_dbl_invalid)
    __mathlib_dbl_underflow                  0x08002d1d   Thumb Code    10  dunder.o(i.__mathlib_dbl_underflow)
    __scatterload_copy                       0x08002d2d   Thumb Code    14  handlers.o(i.__scatterload_copy)
    __scatterload_null                       0x08002d3b   Thumb Code     2  handlers.o(i.__scatterload_null)
    __scatterload_zeroinit                   0x08002d3d   Thumb Code    14  handlers.o(i.__scatterload_zeroinit)
    __set_errno                              0x08002d4d   Thumb Code     6  errno.o(i.__set_errno)
    asin                                     0x080035f5   Thumb Code   572  asin.o(i.asin)
    atan                                     0x08003865   Thumb Code   474  atan.o(i.atan)
    atan2                                    0x08003a85   Thumb Code   346  atan2.o(i.atan2)
    delay_init                               0x08003c69   Thumb Code    50  delay.o(i.delay_init)
    delay_ms                                 0x08003cad   Thumb Code    72  delay.o(i.delay_ms)
    delay_us                                 0x08003cf9   Thumb Code    72  delay.o(i.delay_us)
    dmp_get_pedometer_step_count             0x08003d45   Thumb Code    66  inv_mpu_dmp_motion_driver.o(i.dmp_get_pedometer_step_count)
    dmp_read_fifo                            0x08003d89   Thumb Code   456  inv_mpu_dmp_motion_driver.o(i.dmp_read_fifo)
    findStr                                  0x08003f55   Thumb Code    68  gprs.o(i.findStr)
    fputc                                    0x08003f99   Thumb Code    24  usart.o(i.fputc)
    initGPRS                                 0x08003fb5   Thumb Code   194  gprs.o(i.initGPRS)
    main                                     0x080040e5   Thumb Code   282  main.o(i.main)
    mget_ms                                  0x080042c5   Thumb Code     2  inv_mpu.o(i.mget_ms)
    mpu_dmp_get_data                         0x080042c9   Thumb Code   544  inv_mpu.o(i.mpu_dmp_get_data)
    mpu_read_fifo_stream                     0x080044ed   Thumb Code   186  inv_mpu.o(i.mpu_read_fifo_stream)
    mpu_read_mem                             0x080045ad   Thumb Code   122  inv_mpu.o(i.mpu_read_mem)
    mpu_reset_fifo                           0x0800462d   Thumb Code   450  inv_mpu.o(i.mpu_reset_fifo)
    sqrt                                     0x080047f5   Thumb Code    76  sqrt.o(i.sqrt)
    uart2_init                               0x08004841   Thumb Code   118  usart.o(i.uart2_init)
    uart3_init                               0x080048c1   Thumb Code   142  usart.o(i.uart3_init)
    reg                                      0x08004958   Data          27  inv_mpu.o(.constdata)
    hw                                       0x08004974   Data          12  inv_mpu.o(.constdata)
    test                                     0x08004980   Data          40  inv_mpu.o(.constdata)
    __mathlib_zero                           0x08004a90   Data           8  qnan.o(.constdata)
    Region$$Table$$Base                      0x08004adc   Number         0  anon$$obj.o(Region$$Table)
    Region$$Table$$Limit                     0x08004afc   Number         0  anon$$obj.o(Region$$Table)
    ret                                      0x20000000   Data           1  main.o(.data)
    Dog_Status                               0x20000001   Data           1  main.o(.data)
    fixmode_tbl                              0x20000004   Data          16  main.o(.data)
    tp                                       0x20000014   Data           4  main.o(.data)
    temp1                                    0x20000018   Data           1  main.o(.data)
    shi                                      0x20000019   Data           1  main.o(.data)
    temp                                     0x2000001c   Data           4  main.o(.data)
    pitch                                    0x20000020   Data           4  main.o(.data)
    roll                                     0x20000024   Data           4  main.o(.data)
    yaw                                      0x20000028   Data           4  main.o(.data)
    res                                      0x2000002c   Data           1  main.o(.data)
    step_count                               0x20000030   Data           4  main.o(.data)
    aacx                                     0x20000034   Data           2  main.o(.data)
    aacy                                     0x20000036   Data           2  main.o(.data)
    aacz                                     0x20000038   Data           2  main.o(.data)
    gyrox                                    0x2000003a   Data           2  main.o(.data)
    gyroy                                    0x2000003c   Data           2  main.o(.data)
    gyroz                                    0x2000003e   Data           2  main.o(.data)
    __stdout                                 0x2000004c   Data           4  usart.o(.data)
    USART2_RX_STA                            0x20000050   Data           2  usart.o(.data)
    USART3_RX_STA                            0x20000052   Data           2  usart.o(.data)
    len                                      0x20000054   Data           2  usart.o(.data)
    t                                        0x20000056   Data           2  usart.o(.data)
    USART1_RX_STA                            0x20000096   Data           2  usart1.o(.data)
    GPRS_Delay_1S                            0x20000098   Data           1  gprs.o(.data)
    string123                                0x2000009c   Data           4  gprs.o(.data)
    OVER                                     0x200000a0   Data           1  gprs.o(.data)
    SystemCoreClock                          0x200000b8   Data           4  system_stm32f10x.o(.data)
    AHBPrescTable                            0x200000bc   Data          16  system_stm32f10x.o(.data)
    gpsx                                     0x200000d0   Data         105  main.o(.bss)
    dtbuf                                    0x2000013c   Data          50  main.o(.bss)
    TEMP_BUF                                 0x2000016e   Data         800  main.o(.bss)
    string                                   0x2000048e   Data          20  main.o(.bss)
    USART2_RX_BUF                            0x200004a2   Data         200  usart.o(.bss)
    USART3_RX_BUF                            0x2000056a   Data         200  usart.o(.bss)
    USART1_TX_BUF                            0x20000648   Data         200  usart1.o(.bss)
    USART1_RX_BUF                            0x20000710   Data         800  usart1.o(.bss)
    TXBuffer                                 0x20000a30   Data          50  gprs.o(.bss)
    RXBuffer                                 0x20000a62   Data          30  gprs.o(.bss)
    __initial_sp                             0x20000e80   Data           0  startup_stm32f10x_hd.o(STACK)



==============================================================================

Memory Map of the image

  Image Entry point : 0x08000131

  Load Region LR_IROM1 (Base: 0x08000000, Size: 0x00004bcc, Max: 0x00010000, ABSOLUTE)

    Execution Region ER_IROM1 (Base: 0x08000000, Size: 0x00004afc, Max: 0x00010000, ABSOLUTE)

    Base Addr    Size         Type   Attr      Idx    E Section Name        Object

    0x08000000   0x00000130   Data   RO         3142    RESET               startup_stm32f10x_hd.o
    0x08000130   0x00000000   Code   RO         3165  * .ARM.Collect$$$$00000000  mc_w.l(entry.o)
    0x08000130   0x00000004   Code   RO         3506    .ARM.Collect$$$$00000001  mc_w.l(entry2.o)
    0x08000134   0x00000004   Code   RO         3509    .ARM.Collect$$$$00000004  mc_w.l(entry5.o)
    0x08000138   0x00000000   Code   RO         3511    .ARM.Collect$$$$00000008  mc_w.l(entry7b.o)
    0x08000138   0x00000000   Code   RO         3513    .ARM.Collect$$$$0000000A  mc_w.l(entry8b.o)
    0x08000138   0x00000008   Code   RO         3514    .ARM.Collect$$$$0000000B  mc_w.l(entry9a.o)
    0x08000140   0x00000000   Code   RO         3516    .ARM.Collect$$$$0000000D  mc_w.l(entry10a.o)
    0x08000140   0x00000000   Code   RO         3518    .ARM.Collect$$$$0000000F  mc_w.l(entry11a.o)
    0x08000140   0x00000004   Code   RO         3507    .ARM.Collect$$$$00002712  mc_w.l(entry2.o)
    0x08000144   0x00000024   Code   RO         3143    .text               startup_stm32f10x_hd.o
    0x08000168   0x00000024   Code   RO         3170    .text               mc_w.l(memseta.o)
    0x0800018c   0x00000024   Code   RO         3172    .text               mc_w.l(strstr.o)
    0x080001b0   0x000000b0   Code   RO         3439    .text               mf_w.l(fadd.o)
    0x08000260   0x00000064   Code   RO         3441    .text               mf_w.l(fmul.o)
    0x080002c4   0x0000007c   Code   RO         3443    .text               mf_w.l(fdiv.o)
    0x08000340   0x0000014e   Code   RO         3445    .text               mf_w.l(dadd.o)
    0x0800048e   0x000000e4   Code   RO         3447    .text               mf_w.l(dmul.o)
    0x08000572   0x000000de   Code   RO         3449    .text               mf_w.l(ddiv.o)
    0x08000650   0x00000012   Code   RO         3451    .text               mf_w.l(fflti.o)
    0x08000662   0x0000000a   Code   RO         3453    .text               mf_w.l(ffltui.o)
    0x0800066c   0x00000022   Code   RO         3455    .text               mf_w.l(dflti.o)
    0x0800068e   0x00000032   Code   RO         3457    .text               mf_w.l(ffixi.o)
    0x080006c0   0x00000028   Code   RO         3459    .text               mf_w.l(ffixui.o)
    0x080006e8   0x00000026   Code   RO         3461    .text               mf_w.l(f2d.o)
    0x0800070e   0x00000038   Code   RO         3463    .text               mf_w.l(d2f.o)
    0x08000746   0x0000002c   Code   RO         3520    .text               mc_w.l(uidiv.o)
    0x08000772   0x00000062   Code   RO         3522    .text               mc_w.l(uldiv.o)
    0x080007d4   0x0000001e   Code   RO         3524    .text               mc_w.l(llshl.o)
    0x080007f2   0x00000024   Code   RO         3526    .text               mc_w.l(llsshr.o)
    0x08000816   0x00000000   Code   RO         3535    .text               mc_w.l(iusefp.o)
    0x08000816   0x0000006e   Code   RO         3536    .text               mf_w.l(fepilogue.o)
    0x08000884   0x000000ba   Code   RO         3538    .text               mf_w.l(depilogue.o)
    0x0800093e   0x0000002e   Code   RO         3540    .text               mf_w.l(dscalb.o)
    0x0800096c   0x00000030   Code   RO         3542    .text               mf_w.l(dfixul.o)
    0x0800099c   0x00000030   Code   RO         3544    .text               mf_w.l(cdrcmple.o)
    0x080009cc   0x00000024   Code   RO         3546    .text               mc_w.l(init.o)
    0x080009f0   0x00000020   Code   RO         3548    .text               mc_w.l(llushr.o)
    0x08000a10   0x000000a2   Code   RO         3550    .text               mf_w.l(dsqrt.o)
    0x08000ab2   0x00000002   PAD
    0x08000ab4   0x00000038   Code   RO          353    i.DHT11Configuration  dht11.o
    0x08000aec   0x00000064   Code   RO          354    i.DHT11_IsOnline    dht11.o
    0x08000b50   0x0000004c   Code   RO          355    i.DHT11_ReadBit     dht11.o
    0x08000b9c   0x0000001e   Code   RO          356    i.DHT11_ReadByte    dht11.o
    0x08000bba   0x00000058   Code   RO          357    i.DHT11_Read_Data   dht11.o
    0x08000c12   0x00000002   PAD
    0x08000c14   0x00000040   Code   RO          358    i.DHT11_Reset       dht11.o
    0x08000c54   0x00000018   Code   RO         2972    i.DMA_Cmd           stm32f10x_dma.o
    0x08000c6c   0x0000014c   Code   RO         2973    i.DMA_DeInit        stm32f10x_dma.o
    0x08000db8   0x0000003c   Code   RO         2978    i.DMA_Init          stm32f10x_dma.o
    0x08000df4   0x00000004   Code   RO         2979    i.DMA_SetCurrDataCounter  stm32f10x_dma.o
    0x08000df8   0x00000116   Code   RO         1334    i.GPIO_Init         stm32f10x_gpio.o
    0x08000f0e   0x00000030   Code   RO         1154    i.GPS_Analysis      gps.o
    0x08000f3e   0x00000002   PAD
    0x08000f40   0x00000094   Code   RO            1    i.GPS_INIT          main.o
    0x08000fd4   0x00000054   Code   RO            2    i.GPS_SHUJU         main.o
    0x08001028   0x00000298   Code   RO            3    i.Gps_Msg_Show      main.o
    0x080012c0   0x00000068   Code   RO          427    i.MPU_Get_Temperature  mpu6050.o
    0x08001328   0x0000004c   Code   RO          503    i.MPU_IIC_Ack       mpuiic.o
    0x08001374   0x0000000a   Code   RO          504    i.MPU_IIC_Delay     mpuiic.o
    0x0800137e   0x00000002   PAD
    0x08001380   0x0000004c   Code   RO          506    i.MPU_IIC_NAck      mpuiic.o
    0x080013cc   0x0000006c   Code   RO          507    i.MPU_IIC_Read_Byte  mpuiic.o
    0x08001438   0x0000005c   Code   RO          508    i.MPU_IIC_Send_Byte  mpuiic.o
    0x08001494   0x00000048   Code   RO          509    i.MPU_IIC_Start     mpuiic.o
    0x080014dc   0x00000048   Code   RO          510    i.MPU_IIC_Stop      mpuiic.o
    0x08001524   0x00000064   Code   RO          511    i.MPU_IIC_Wait_Ack  mpuiic.o
    0x08001588   0x00000074   Code   RO          430    i.MPU_Read_Len      mpu6050.o
    0x080015fc   0x00000060   Code   RO          436    i.MPU_Write_Len     mpu6050.o
    0x0800165c   0x00000032   Code   RO         1155    i.NMEA_Comma_Pos    gps.o
    0x0800168e   0x00000002   PAD
    0x08001690   0x00000068   Code   RO         1156    i.NMEA_GPGGA_Analysis  gps.o
    0x080016f8   0x000000b8   Code   RO         1157    i.NMEA_GPGSA_Analysis  gps.o
    0x080017b0   0x0000012c   Code   RO         1158    i.NMEA_GPGSV_Analysis  gps.o
    0x080018dc   0x00000220   Code   RO         1159    i.NMEA_GPRMC_Analysis  gps.o
    0x08001afc   0x00000058   Code   RO         1160    i.NMEA_GPVTG_Analysis  gps.o
    0x08001b54   0x00000016   Code   RO         1161    i.NMEA_Pow          gps.o
    0x08001b6a   0x000000ea   Code   RO         1162    i.NMEA_Str2num      gps.o
    0x08001c54   0x00000062   Code   RO          341    i.NVIC_Config       nvic.o
    0x08001cb6   0x00000002   PAD
    0x08001cb8   0x00000070   Code   RO         1292    i.NVIC_Init         misc.o
    0x08001d28   0x00000014   Code   RO         1293    i.NVIC_PriorityGroupConfig  misc.o
    0x08001d3c   0x00000020   Code   RO         1443    i.RCC_AHBPeriphClockCmd  stm32f10x_rcc.o
    0x08001d5c   0x00000020   Code   RO         1444    i.RCC_APB1PeriphClockCmd  stm32f10x_rcc.o
    0x08001d7c   0x00000020   Code   RO         1445    i.RCC_APB1PeriphResetCmd  stm32f10x_rcc.o
    0x08001d9c   0x00000020   Code   RO         1446    i.RCC_APB2PeriphClockCmd  stm32f10x_rcc.o
    0x08001dbc   0x00000020   Code   RO         1447    i.RCC_APB2PeriphResetCmd  stm32f10x_rcc.o
    0x08001ddc   0x000000d4   Code   RO         1454    i.RCC_GetClocksFreq  stm32f10x_rcc.o
    0x08001eb0   0x00000008   Code   RO         3106    i.SetSysClock       system_stm32f10x.o
    0x08001eb8   0x000000e0   Code   RO         3107    i.SetSysClockTo72   system_stm32f10x.o
    0x08001f98   0x00000198   Code   RO         1263    i.Set_Text_Mode     gprs.o
    0x08002130   0x00000028   Code   RO         1296    i.SysTick_CLKSourceConfig  misc.o
    0x08002158   0x00000060   Code   RO         3109    i.SystemInit        system_stm32f10x.o
    0x080021b8   0x00000084   Code   RO          191    i.TIM2_IRQHandler   stm32f10x_it.o
    0x0800223c   0x00000030   Code   RO         1086    i.TIM4_IRQHandler   usart1.o
    0x0800226c   0x00000058   Code   RO         1087    i.TIM4_Init         usart1.o
    0x080022c4   0x00000028   Code   RO         1088    i.TIM4_Set          usart1.o
    0x080022ec   0x00000006   Code   RO         2253    i.TIM_ClearITPendingBit  stm32f10x_tim.o
    0x080022f2   0x00000018   Code   RO         2258    i.TIM_Cmd           stm32f10x_tim.o
    0x0800230a   0x00000022   Code   RO         2279    i.TIM_GetITStatus   stm32f10x_tim.o
    0x0800232c   0x00000012   Code   RO         2283    i.TIM_ITConfig      stm32f10x_tim.o
    0x0800233e   0x00000004   Code   RO         2323    i.TIM_SetCounter    stm32f10x_tim.o
    0x08002342   0x00000002   PAD
    0x08002344   0x000000a4   Code   RO         2329    i.TIM_TimeBaseInit  stm32f10x_tim.o
    0x080023e8   0x00000046   Code   RO          407    i.Timer2_Init       timer.o
    0x0800242e   0x00000048   Code   RO         1089    i.UART_DMA_Config   usart1.o
    0x08002476   0x00000020   Code   RO         1090    i.UART_DMA_Enable   usart1.o
    0x08002496   0x00000002   PAD
    0x08002498   0x00000064   Code   RO         1091    i.USART1_IRQHandler  usart1.o
    0x080024fc   0x000000e4   Code   RO         1092    i.USART1_Init       usart1.o
    0x080025e0   0x00000088   Code   RO          237    i.USART2_IRQHandler  usart.o
    0x08002668   0x0000006c   Code   RO          238    i.USART3_IRQHandler  usart.o
    0x080026d4   0x00000018   Code   RO         2794    i.USART_Cmd         stm32f10x_usart.o
    0x080026ec   0x00000012   Code   RO         2795    i.USART_DMACmd      stm32f10x_usart.o
    0x080026fe   0x00000002   PAD
    0x08002700   0x0000009c   Code   RO         2796    i.USART_DeInit      stm32f10x_usart.o
    0x0800279c   0x0000001a   Code   RO         2797    i.USART_GetFlagStatus  stm32f10x_usart.o
    0x080027b6   0x00000054   Code   RO         2798    i.USART_GetITStatus  stm32f10x_usart.o
    0x0800280a   0x0000004a   Code   RO         2800    i.USART_ITConfig    stm32f10x_usart.o
    0x08002854   0x000000d8   Code   RO         2801    i.USART_Init        stm32f10x_usart.o
    0x0800292c   0x0000000a   Code   RO         2808    i.USART_ReceiveData  stm32f10x_usart.o
    0x08002936   0x00000008   Code   RO         2811    i.USART_SendData    stm32f10x_usart.o
    0x0800293e   0x00000002   PAD
    0x08002940   0x00000070   Code   RO         1163    i.Ublox_Cfg_Ack_Check  gps.o
    0x080029b0   0x00000078   Code   RO         1164    i.Ublox_Cfg_Cfg_Save  gps.o
    0x08002a28   0x00000074   Code   RO         1166    i.Ublox_Cfg_Prt     gps.o
    0x08002a9c   0x00000058   Code   RO         1167    i.Ublox_Cfg_Rate    gps.o
    0x08002af4   0x00000070   Code   RO         1168    i.Ublox_Cfg_Tp      gps.o
    0x08002b64   0x00000028   Code   RO         1169    i.Ublox_CheckSum    gps.o
    0x08002b8c   0x0000001e   Code   RO          239    i.Usart_SendChar    usart.o
    0x08002baa   0x00000002   PAD
    0x08002bac   0x00000040   Code   RO          240    i.Usart_SendString  usart.o
    0x08002bec   0x00000020   Code   RO         3411    i.__0printf         mc_w.l(printfa.o)
    0x08002c0c   0x00000028   Code   RO         3413    i.__0sprintf        mc_w.l(printfa.o)
    0x08002c34   0x00000028   Code   RO         3493    i.__ARM_fpclassify  m_ws.l(fpclassify.o)
    0x08002c5c   0x000000aa   Code   RO         3495    i.__kernel_poly     m_ws.l(poly.o)
    0x08002d06   0x00000006   Code   RO         3480    i.__mathlib_dbl_infnan  m_ws.l(dunder.o)
    0x08002d0c   0x00000004   Code   RO         3481    i.__mathlib_dbl_infnan2  m_ws.l(dunder.o)
    0x08002d10   0x0000000c   Code   RO         3482    i.__mathlib_dbl_invalid  m_ws.l(dunder.o)
    0x08002d1c   0x00000010   Code   RO         3485    i.__mathlib_dbl_underflow  m_ws.l(dunder.o)
    0x08002d2c   0x0000000e   Code   RO         3556    i.__scatterload_copy  mc_w.l(handlers.o)
    0x08002d3a   0x00000002   Code   RO         3557    i.__scatterload_null  mc_w.l(handlers.o)
    0x08002d3c   0x0000000e   Code   RO         3558    i.__scatterload_zeroinit  mc_w.l(handlers.o)
    0x08002d4a   0x00000002   PAD
    0x08002d4c   0x0000000c   Code   RO         3530    i.__set_errno       mc_w.l(errno.o)
    0x08002d58   0x00000164   Code   RO         3418    i._fp_digits        mc_w.l(printfa.o)
    0x08002ebc   0x000006dc   Code   RO         3419    i._printf_core      mc_w.l(printfa.o)
    0x08003598   0x00000024   Code   RO         3420    i._printf_post_padding  mc_w.l(printfa.o)
    0x080035bc   0x0000002e   Code   RO         3421    i._printf_pre_padding  mc_w.l(printfa.o)
    0x080035ea   0x0000000a   Code   RO         3423    i._sputc            mc_w.l(printfa.o)
    0x080035f4   0x00000270   Code   RO         3148    i.asin              m_ws.l(asin.o)
    0x08003864   0x00000220   Code   RO         3470    i.atan              m_ws.l(atan.o)
    0x08003a84   0x00000180   Code   RO         3158    i.atan2             m_ws.l(atan2.o)
    0x08003c04   0x00000064   Code   RO          888    i.decode_gesture    inv_mpu_dmp_motion_driver.o
    0x08003c68   0x00000044   Code   RO          315    i.delay_init        delay.o
    0x08003cac   0x0000004c   Code   RO          316    i.delay_ms          delay.o
    0x08003cf8   0x0000004c   Code   RO          317    i.delay_us          delay.o
    0x08003d44   0x00000042   Code   RO          895    i.dmp_get_pedometer_step_count  inv_mpu_dmp_motion_driver.o
    0x08003d86   0x00000002   PAD
    0x08003d88   0x000001cc   Code   RO          898    i.dmp_read_fifo     inv_mpu_dmp_motion_driver.o
    0x08003f54   0x00000044   Code   RO         1264    i.findStr           gprs.o
    0x08003f98   0x0000001c   Code   RO          242    i.fputc             usart.o
    0x08003fb4   0x00000130   Code   RO         1265    i.initGPRS          gprs.o
    0x080040e4   0x000001e0   Code   RO            4    i.main              main.o
    0x080042c4   0x00000002   Code   RO          569    i.mget_ms           inv_mpu.o
    0x080042c6   0x00000002   PAD
    0x080042c8   0x00000224   Code   RO          571    i.mpu_dmp_get_data  inv_mpu.o
    0x080044ec   0x000000c0   Code   RO          594    i.mpu_read_fifo_stream  inv_mpu.o
    0x080045ac   0x00000080   Code   RO          595    i.mpu_read_mem      inv_mpu.o
    0x0800462c   0x000001c8   Code   RO          598    i.mpu_reset_fifo    inv_mpu.o
    0x080047f4   0x0000004c   Code   RO         3499    i.sqrt              m_ws.l(sqrt.o)
    0x08004840   0x00000080   Code   RO          245    i.uart2_init        usart.o
    0x080048c0   0x00000098   Code   RO          246    i.uart3_init        usart.o
    0x08004958   0x00000050   Data   RO          615    .constdata          inv_mpu.o
    0x080049a8   0x00000050   Data   RO         3149    .constdata          m_ws.l(asin.o)
    0x080049f8   0x00000098   Data   RO         3471    .constdata          m_ws.l(atan.o)
    0x08004a90   0x00000008   Data   RO         3497    .constdata          m_ws.l(qnan.o)
    0x08004a98   0x00000015   Data   RO            6    .conststring        main.o
    0x08004aad   0x00000003   PAD
    0x08004ab0   0x0000002a   Data   RO         1267    .conststring        gprs.o
    0x08004ada   0x00000002   PAD
    0x08004adc   0x00000020   Data   RO         3554    Region$$Table       anon$$obj.o


    Execution Region RW_IRAM1 (Base: 0x20000000, Size: 0x00000e80, Max: 0x00005000, ABSOLUTE)

    Base Addr    Size         Type   Attr      Idx    E Section Name        Object

    0x20000000   0x00000040   Data   RW            7    .data               main.o
    0x20000040   0x00000009   Data   RW          192    .data               stm32f10x_it.o
    0x20000049   0x00000003   PAD
    0x2000004c   0x0000000d   Data   RW          248    .data               usart.o
    0x20000059   0x00000001   PAD
    0x2000005a   0x00000004   Data   RW          318    .data               delay.o
    0x2000005e   0x00000002   PAD
    0x20000060   0x00000035   Data   RW          617    .data               inv_mpu.o
    0x20000095   0x00000001   PAD
    0x20000096   0x00000002   Data   RW         1095    .data               usart1.o
    0x20000098   0x00000009   Data   RW         1268    .data               gprs.o
    0x200000a1   0x00000014   Data   RW         1474    .data               stm32f10x_rcc.o
    0x200000b5   0x00000003   PAD
    0x200000b8   0x00000014   Data   RW         3110    .data               system_stm32f10x.o
    0x200000cc   0x00000004   Data   RW         3531    .data               mc_w.l(errno.o)
    0x200000d0   0x000003d2   Zero   RW            5    .bss                main.o
    0x200004a2   0x00000190   Zero   RW          247    .bss                usart.o
    0x20000632   0x00000002   PAD
    0x20000634   0x00000010   Zero   RW          916    .bss                inv_mpu_dmp_motion_driver.o
    0x20000644   0x00000004   PAD
    0x20000648   0x000003e8   Zero   RW         1094    .bss                usart1.o
    0x20000a30   0x00000050   Zero   RW         1266    .bss                gprs.o
    0x20000a80   0x00000400   Zero   RW         3140    STACK               startup_stm32f10x_hd.o


==============================================================================

Image component sizes


      Code (inc. data)   RO Data    RW Data    ZI Data      Debug   Object Name

       220         26          0          4          0       1571   delay.o
       414         34          0          0          0       3495   dht11.o
       780        254         42          9         80       2690   gprs.o
      2162         92          0          0          0      10228   gps.o
      1326         22         80         53          0       8034   inv_mpu.o
       626         10          0          0         16       7951   inv_mpu_dmp_motion_driver.o
      1376        526         21         64        978     267694   main.o
       172         22          0          0          0       2185   misc.o
       316         18          0          0          0       2361   mpu6050.o
       606         94          0          0          0       4031   mpuiic.o
        98          0          0          0          0        498   nvic.o
        36          8        304          0       1024        876   startup_stm32f10x_hd.o
       420          8          0          0          0       4139   stm32f10x_dma.o
       278          0          0          0          0       2024   stm32f10x_gpio.o
       132         20          0          9          0        566   stm32f10x_it.o
       372         50          0         20          0       6356   stm32f10x_rcc.o
       250         42          0          0          0       4283   stm32f10x_tim.o
       616         28          0          0          0       7587   stm32f10x_usart.o
         0          0          0          0          0         32   sys.o
       328         28          0         20          0       2505   system_stm32f10x.o
        70          0          0          0          0        546   timer.o
       646         74          0         13        400       5849   usart.o
       608         56          0          2       1000       4543   usart1.o

    ----------------------------------------------------------------------
     11876       1412        484        204       3504     350044   Object Totals
         0          0         32          0          0          0   (incl. Generated)
        24          0          5         10          6          0   (incl. Padding)

    ----------------------------------------------------------------------

      Code (inc. data)   RO Data    RW Data    ZI Data      Debug   Library Member Name

       624         52         80          0          0        168   asin.o
       544         70        152          0          0        124   atan.o
       384         38          0          0          0        144   atan2.o
        38          6          0          0          0        272   dunder.o
        40          0          0          0          0         68   fpclassify.o
       170          0          0          0          0         96   poly.o
         0          0          8          0          0          0   qnan.o
        76          0          0          0          0         84   sqrt.o
         0          0          0          0          0          0   entry.o
         0          0          0          0          0          0   entry10a.o
         0          0          0          0          0          0   entry11a.o
         8          4          0          0          0          0   entry2.o
         4          0          0          0          0          0   entry5.o
         0          0          0          0          0          0   entry7b.o
         0          0          0          0          0          0   entry8b.o
         8          4          0          0          0          0   entry9a.o
        12          6          0          4          0         68   errno.o
        30          0          0          0          0          0   handlers.o
        36          8          0          0          0         68   init.o
         0          0          0          0          0          0   iusefp.o
        30          0          0          0          0         68   llshl.o
        36          0          0          0          0         68   llsshr.o
        32          0          0          0          0         68   llushr.o
        36          0          0          0          0        108   memseta.o
      2276         96          0          0          0        596   printfa.o
        36          0          0          0          0         80   strstr.o
        44          0          0          0          0         80   uidiv.o
        98          0          0          0          0         92   uldiv.o
        48          0          0          0          0         68   cdrcmple.o
        56          0          0          0          0         88   d2f.o
       334          0          0          0          0        148   dadd.o
       222          0          0          0          0        100   ddiv.o
       186          0          0          0          0        176   depilogue.o
        48          0          0          0          0         68   dfixul.o
        34          0          0          0          0         76   dflti.o
       228          0          0          0          0         96   dmul.o
        46          0          0          0          0         80   dscalb.o
       162          0          0          0          0        100   dsqrt.o
        38          0          0          0          0         68   f2d.o
       176          0          0          0          0        140   fadd.o
       124          0          0          0          0         88   fdiv.o
       110          0          0          0          0        168   fepilogue.o
        50          0          0          0          0         68   ffixi.o
        40          0          0          0          0         68   ffixui.o
        18          0          0          0          0         68   fflti.o
        10          0          0          0          0         68   ffltui.o
       100          0          0          0          0         76   fmul.o

    ----------------------------------------------------------------------
      6596        284        240          4          0       4064   Library Totals
         4          0          0          0          0          0   (incl. Padding)

    ----------------------------------------------------------------------

      Code (inc. data)   RO Data    RW Data    ZI Data      Debug   Library Name

      1876        166        240          0          0        956   m_ws.l
      2686        118          0          4          0       1296   mc_w.l
      2030          0          0          0          0       1812   mf_w.l

    ----------------------------------------------------------------------
      6596        284        240          4          0       4064   Library Totals

    ----------------------------------------------------------------------

==============================================================================


      Code (inc. data)   RO Data    RW Data    ZI Data      Debug   

     18472       1696        724        208       3504     347084   Grand Totals
     18472       1696        724        208       3504     347084   ELF Image Totals
     18472       1696        724        208          0          0   ROM Totals

==============================================================================

    Total RO  Size (Code + RO Data)                19196 (  18.75kB)
    Total RW  Size (RW Data + ZI Data)              3712 (   3.63kB)
    Total ROM Size (Code + RO Data + RW Data)      19404 (  18.95kB)

==============================================================================

